RT-002 processor runtime probe
==============================
mode=full warm blocks per case=128

[instrument self-check]
  armed exact: new=2 new[]=2 del=1 del[]=2 del(sized)=1 malloc=1 calloc=1 realloc=1 free=2 lock=2 unlock=2 trylock=1 cond=1
  self-check PASS (gate + exact new/delete/malloc/lock detection)

[scene flag -> processor Timer via genuine JUCE message loop]
  scene[audio]: saved=0.000000 changed=-16.799999 before=-16.799999 after=0.000000 restored=1 restore@27.5 ms (loop@27.3 ms) dispatch=100.0 ms
  scene[audio]: blocks=11 signal(alloc=0 free=0 lock=0 trylock=0 cond=0 unlock=0) stopBefore=0 stopAfter=1 dispatchInBound=1 editorNull=1

[nam] requesting async load: /home/mojo/projects/guitars/third_party/NeuralAmpModelerCore/example_models/wavenet_a2_max.nam
[dry/built-in chain: rates x block sizes x drums]
  [dry      ] rate=  44100 block=  64 drums=stopped  cold(alloc=0 free=0 lock=0) warm(alloc=0 free=0 lock=0 trylock=0 cond=0) 128 blocks 0.186 s  pb-wall 1.283 ms (9.9 us/blk, instrumented)  drums[active=0 voices=0] outRms=0.14093
  [dry+drums] rate=  44100 block=  64 drums=playing  cold(alloc=0 free=0 lock=0) warm(alloc=0 free=0 lock=0 trylock=0 cond=0) 128 blocks 0.186 s  pb-wall 1.453 ms (11.3 us/blk, instrumented)  drums[active=128 voices=0] outRms=0.24163
      no-op frees=128 sites(offset): 0x14b34d (free(NULL) no-ops, not heap frees)
  [dry      ] rate=  44100 block= 128 drums=stopped  cold(alloc=0 free=0 lock=0) warm(alloc=0 free=0 lock=0 trylock=0 cond=0) 128 blocks 0.372 s  pb-wall 2.456 ms (19.0 us/blk, instrumented)  drums[active=0 voices=0] outRms=0.14167
  [dry+drums] rate=  44100 block= 128 drums=playing  cold(alloc=0 free=0 lock=0) warm(alloc=0 free=0 lock=0 trylock=0 cond=0) 128 blocks 0.372 s  pb-wall 3.291 ms (25.5 us/blk, instrumented)  drums[active=128 voices=2] outRms=0.20636
      no-op frees=128 sites(offset): 0x14b34d (free(NULL) no-ops, not heap frees)
  [nam] model became active during the dry run (activation swap occurred inside a dry warm block; not separately isolated)
  [dry      ] rate=  44100 block= 512 drums=stopped  cold(alloc=0 free=0 lock=0) warm(alloc=0 free=0 lock=0 trylock=0 cond=0) 128 blocks 1.486 s  pb-wall 9.590 ms (74.3 us/blk, instrumented)  drums[active=0 voices=0] outRms=0.14181
  [dry+drums] rate=  44100 block= 512 drums=playing  cold(alloc=0 free=0 lock=0) warm(alloc=0 free=0 lock=0 trylock=0 cond=0) 128 blocks 1.486 s  pb-wall 11.238 ms (87.1 us/blk, instrumented)  drums[active=128 voices=10] outRms=0.19194
      no-op frees=128 sites(offset): 0x14b34d (free(NULL) no-ops, not heap frees)
  [dry      ] rate=  48000 block=  64 drums=stopped  cold(alloc=0 free=0 lock=0) warm(alloc=0 free=0 lock=0 trylock=0 cond=0) 128 blocks 0.171 s  pb-wall 1.240 ms (9.6 us/blk, instrumented)  drums[active=0 voices=0] outRms=0.13979
  [dry+drums] rate=  48000 block=  64 drums=playing  cold(alloc=0 free=0 lock=0) warm(alloc=0 free=0 lock=0 trylock=0 cond=0) 128 blocks 0.171 s  pb-wall 1.411 ms (10.9 us/blk, instrumented)  drums[active=128 voices=0] outRms=0.25066
      no-op frees=128 sites(offset): 0x14b34d (free(NULL) no-ops, not heap frees)
  [dry      ] rate=  48000 block= 128 drums=stopped  cold(alloc=0 free=0 lock=0) warm(alloc=0 free=0 lock=0 trylock=0 cond=0) 128 blocks 0.341 s  pb-wall 2.462 ms (19.1 us/blk, instrumented)  drums[active=0 voices=0] outRms=0.14266
  [dry+drums] rate=  48000 block= 128 drums=playing  cold(alloc=0 free=0 lock=0) warm(alloc=0 free=0 lock=0 trylock=0 cond=0) 128 blocks 0.341 s  pb-wall 2.762 ms (21.4 us/blk, instrumented)  drums[active=128 voices=2] outRms=0.21158
      no-op frees=128 sites(offset): 0x14b34d (free(NULL) no-ops, not heap frees)
  [dry      ] rate=  48000 block= 512 drums=stopped  cold(alloc=0 free=0 lock=0) warm(alloc=0 free=0 lock=0 trylock=0 cond=0) 128 blocks 1.365 s  pb-wall 9.474 ms (73.4 us/blk, instrumented)  drums[active=0 voices=0] outRms=0.14232
  [dry+drums] rate=  48000 block= 512 drums=playing  cold(alloc=0 free=0 lock=0) warm(alloc=0 free=0 lock=0 trylock=0 cond=0) 128 blocks 1.365 s  pb-wall 10.994 ms (85.2 us/blk, instrumented)  drums[active=128 voices=10] outRms=0.19767
      no-op frees=128 sites(offset): 0x14b34d (free(NULL) no-ops, not heap frees)
  [dry      ] rate=  96000 block=  64 drums=stopped  cold(alloc=0 free=0 lock=0) warm(alloc=0 free=0 lock=0 trylock=0 cond=0) 128 blocks 0.085 s  pb-wall 1.406 ms (10.9 us/blk, instrumented)  drums[active=0 voices=0] outRms=0.14086
  [dry+drums] rate=  96000 block=  64 drums=playing  cold(alloc=0 free=0 lock=0) warm(alloc=0 free=0 lock=0 trylock=0 cond=0) 128 blocks 0.085 s  pb-wall 1.374 ms (10.7 us/blk, instrumented)  drums[active=128 voices=0] outRms=0.30935
      no-op frees=128 sites(offset): 0x14b34d (free(NULL) no-ops, not heap frees)
  [dry      ] rate=  96000 block= 128 drums=stopped  cold(alloc=0 free=0 lock=0) warm(alloc=0 free=0 lock=0 trylock=0 cond=0) 128 blocks 0.171 s  pb-wall 2.802 ms (21.7 us/blk, instrumented)  drums[active=0 voices=0] outRms=0.14278
  [dry+drums] rate=  96000 block= 128 drums=playing  cold(alloc=0 free=0 lock=0) warm(alloc=0 free=0 lock=0 trylock=0 cond=0) 128 blocks 0.171 s  pb-wall 3.043 ms (23.6 us/blk, instrumented)  drums[active=128 voices=0] outRms=0.25050
      no-op frees=128 sites(offset): 0x14b34d (free(NULL) no-ops, not heap frees)
  [dry      ] rate=  96000 block= 512 drums=stopped  cold(alloc=0 free=0 lock=0) warm(alloc=0 free=0 lock=0 trylock=0 cond=0) 128 blocks 0.683 s  pb-wall 10.376 ms (80.4 us/blk, instrumented)  drums[active=0 voices=0] outRms=0.14189
  [dry+drums] rate=  96000 block= 512 drums=playing  cold(alloc=0 free=0 lock=0) warm(alloc=0 free=0 lock=0 trylock=0 cond=0) 128 blocks 0.683 s  pb-wall 11.285 ms (87.5 us/blk, instrumented)  drums[active=128 voices=4] outRms=0.20719
      no-op frees=128 sites(offset): 0x14b34d (free(NULL) no-ops, not heap frees)

[nam] post-dry state: loaded=1 resampling=1 error=""
      cold #0 cxx:new bytes=8 ptr=0x5563df351010 caller_vaddr=0x8cbc5d
      cold #1 cxx:delete(sized) bytes=0 ptr=0x5563df351010 caller_vaddr=0x951f82
      cold #2 cxx:new bytes=8 ptr=0x5563df351010 caller_vaddr=0x8cbc5d
      cold #3 cxx:delete(sized) bytes=0 ptr=0x5563df351010 caller_vaddr=0x951f82
      cold #4 cxx:new bytes=8 ptr=0x5563df351010 caller_vaddr=0x8cbc5d
      cold #5 cxx:delete(sized) bytes=0 ptr=0x5563df351010 caller_vaddr=0x951f82
      cold #6 cxx:new bytes=8 ptr=0x5563df351010 caller_vaddr=0x8cbc5d
      cold #7 cxx:delete(sized) bytes=0 ptr=0x5563df351010 caller_vaddr=0x951f82
      cold #8 cxx:new bytes=8 ptr=0x5563df351010 caller_vaddr=0x8cbc5d
      cold #9 cxx:delete(sized) bytes=0 ptr=0x5563df351010 caller_vaddr=0x951f82
      cold #10 cxx:new bytes=8 ptr=0x5563df351010 caller_vaddr=0x8cbc5d
      cold #11 cxx:delete(sized) bytes=0 ptr=0x5563df351010 caller_vaddr=0x951f82
      cold #12 cxx:new bytes=8 ptr=0x5563df351010 caller_vaddr=0x8cbc5d
      cold #13 cxx:delete(sized) bytes=0 ptr=0x5563df351010 caller_vaddr=0x951f82
      cold #14 cxx:new bytes=8 ptr=0x5563df351010 caller_vaddr=0x8cbc5d
      cold #15 cxx:delete(sized) bytes=0 ptr=0x5563df351010 caller_vaddr=0x951f82
      cold: ... 496 more records suppressed
      warm #0 cxx:new bytes=8 ptr=0x5563df351010 caller_vaddr=0x8cbc5d
      warm #1 cxx:delete(sized) bytes=0 ptr=0x5563df351010 caller_vaddr=0x951f82
      warm #2 cxx:new bytes=8 ptr=0x5563df351010 caller_vaddr=0x8cbc5d
      warm #3 cxx:delete(sized) bytes=0 ptr=0x5563df351010 caller_vaddr=0x951f82
      warm #4 cxx:new bytes=8 ptr=0x5563df351010 caller_vaddr=0x8cbc5d
      warm #5 cxx:delete(sized) bytes=0 ptr=0x5563df351010 caller_vaddr=0x951f82
      warm #6 cxx:new bytes=8 ptr=0x5563df351010 caller_vaddr=0x8cbc5d
      warm #7 cxx:delete(sized) bytes=0 ptr=0x5563df351010 caller_vaddr=0x951f82
      warm #8 cxx:new bytes=8 ptr=0x5563df351010 caller_vaddr=0x8cbc5d
      warm #9 cxx:delete(sized) bytes=0 ptr=0x5563df351010 caller_vaddr=0x951f82
      warm #10 cxx:new bytes=8 ptr=0x5563df351010 caller_vaddr=0x8cbc5d
      warm #11 cxx:delete(sized) bytes=0 ptr=0x5563df351010 caller_vaddr=0x951f82
      warm #12 cxx:new bytes=8 ptr=0x5563df351010 caller_vaddr=0x8cbc5d
      warm #13 cxx:delete(sized) bytes=0 ptr=0x5563df351010 caller_vaddr=0x951f82
      warm #14 cxx:new bytes=8 ptr=0x5563df351010 caller_vaddr=0x8cbc5d
      warm #15 cxx:delete(sized) bytes=0 ptr=0x5563df351010 caller_vaddr=0x951f82
      warm: ... 65520 more records suppressed
  [nam      ] rate=  48000 block= 128 drums=stopped  cold(alloc=256 free=256 lock=0) warm(alloc=32768 free=32768 lock=0 trylock=0 cond=0) 128 blocks 0.341 s  pb-wall 31.332 ms (242.9 us/blk, instrumented)  drums[active=0 voices=0] outRms=9.17584
      cold #0 cxx:new bytes=8 ptr=0x5563df343350 caller_vaddr=0x8cbc5d
      cold #1 cxx:delete(sized) bytes=0 ptr=0x5563df343350 caller_vaddr=0x951f82
      cold #2 cxx:new bytes=8 ptr=0x5563df343350 caller_vaddr=0x8cbc5d
      cold #3 cxx:delete(sized) bytes=0 ptr=0x5563df343350 caller_vaddr=0x951f82
      cold #4 cxx:new bytes=8 ptr=0x5563df343350 caller_vaddr=0x8cbc5d
      cold #5 cxx:delete(sized) bytes=0 ptr=0x5563df343350 caller_vaddr=0x951f82
      cold #6 cxx:new bytes=8 ptr=0x5563df343350 caller_vaddr=0x8cbc5d
      cold #7 cxx:delete(sized) bytes=0 ptr=0x5563df343350 caller_vaddr=0x951f82
      cold #8 cxx:new bytes=8 ptr=0x5563df343350 caller_vaddr=0x8cbc5d
      cold #9 cxx:delete(sized) bytes=0 ptr=0x5563df343350 caller_vaddr=0x951f82
      cold #10 cxx:new bytes=8 ptr=0x5563df343350 caller_vaddr=0x8cbc5d
      cold #11 cxx:delete(sized) bytes=0 ptr=0x5563df343350 caller_vaddr=0x951f82
      cold #12 cxx:new bytes=8 ptr=0x5563df343350 caller_vaddr=0x8cbc5d
      cold #13 cxx:delete(sized) bytes=0 ptr=0x5563df343350 caller_vaddr=0x951f82
      cold #14 cxx:new bytes=8 ptr=0x5563df343350 caller_vaddr=0x8cbc5d
      cold #15 cxx:delete(sized) bytes=0 ptr=0x5563df343350 caller_vaddr=0x951f82
      cold: ... 496 more records suppressed
      warm #0 cxx:new bytes=8 ptr=0x5563df343350 caller_vaddr=0x8cbc5d
      warm #1 cxx:delete(sized) bytes=0 ptr=0x5563df343350 caller_vaddr=0x951f82
      warm #2 cxx:new bytes=8 ptr=0x5563df343350 caller_vaddr=0x8cbc5d
      warm #3 cxx:delete(sized) bytes=0 ptr=0x5563df343350 caller_vaddr=0x951f82
      warm #4 cxx:new bytes=8 ptr=0x5563df343350 caller_vaddr=0x8cbc5d
      warm #5 cxx:delete(sized) bytes=0 ptr=0x5563df343350 caller_vaddr=0x951f82
      warm #6 cxx:new bytes=8 ptr=0x5563df343350 caller_vaddr=0x8cbc5d
      warm #7 cxx:delete(sized) bytes=0 ptr=0x5563df343350 caller_vaddr=0x951f82
      warm #8 cxx:new bytes=8 ptr=0x5563df343350 caller_vaddr=0x8cbc5d
      warm #9 cxx:delete(sized) bytes=0 ptr=0x5563df343350 caller_vaddr=0x951f82
      warm #10 cxx:new bytes=8 ptr=0x5563df343350 caller_vaddr=0x8cbc5d
      warm #11 cxx:delete(sized) bytes=0 ptr=0x5563df343350 caller_vaddr=0x951f82
      warm #12 cxx:new bytes=8 ptr=0x5563df343350 caller_vaddr=0x8cbc5d
      warm #13 cxx:delete(sized) bytes=0 ptr=0x5563df343350 caller_vaddr=0x951f82
      warm #14 cxx:new bytes=8 ptr=0x5563df343350 caller_vaddr=0x8cbc5d
      warm #15 cxx:delete(sized) bytes=0 ptr=0x5563df343350 caller_vaddr=0x951f82
      warm: ... 65520 more records suppressed
  [nam+drums] rate=  48000 block= 128 drums=playing  cold(alloc=256 free=256 lock=0) warm(alloc=32768 free=32768 lock=0 trylock=0 cond=0) 128 blocks 0.341 s  pb-wall 29.031 ms (225.0 us/blk, instrumented)  drums[active=128 voices=2] outRms=9.17508
      no-op frees=128 sites(offset): 0x14b34d (free(NULL) no-ops, not heap frees)
      cold #0 cxx:new bytes=8 ptr=0x5563df342bd0 caller_vaddr=0x8cbc5d
      cold #1 cxx:delete(sized) bytes=0 ptr=0x5563df342bd0 caller_vaddr=0x951f82
      cold #2 cxx:new bytes=8 ptr=0x5563df342bd0 caller_vaddr=0x8cbc5d
      cold #3 cxx:delete(sized) bytes=0 ptr=0x5563df342bd0 caller_vaddr=0x951f82
      cold #4 cxx:new bytes=8 ptr=0x5563df342bd0 caller_vaddr=0x8cbc5d
      cold #5 cxx:delete(sized) bytes=0 ptr=0x5563df342bd0 caller_vaddr=0x951f82
      cold #6 cxx:new bytes=8 ptr=0x5563df342bd0 caller_vaddr=0x8cbc5d
      cold #7 cxx:delete(sized) bytes=0 ptr=0x5563df342bd0 caller_vaddr=0x951f82
      cold #8 cxx:new bytes=8 ptr=0x5563df342bd0 caller_vaddr=0x8cbc5d
      cold #9 cxx:delete(sized) bytes=0 ptr=0x5563df342bd0 caller_vaddr=0x951f82
      cold #10 cxx:new bytes=8 ptr=0x5563df342bd0 caller_vaddr=0x8cbc5d
      cold #11 cxx:delete(sized) bytes=0 ptr=0x5563df342bd0 caller_vaddr=0x951f82
      cold #12 cxx:new bytes=8 ptr=0x5563df342bd0 caller_vaddr=0x8cbc5d
      cold #13 cxx:delete(sized) bytes=0 ptr=0x5563df342bd0 caller_vaddr=0x951f82
      cold #14 cxx:new bytes=8 ptr=0x5563df342bd0 caller_vaddr=0x8cbc5d
      cold #15 cxx:delete(sized) bytes=0 ptr=0x5563df342bd0 caller_vaddr=0x951f82
      cold: ... 2032 more records suppressed
      warm #0 cxx:new bytes=8 ptr=0x5563df342bd0 caller_vaddr=0x8cbc5d
      warm #1 cxx:delete(sized) bytes=0 ptr=0x5563df342bd0 caller_vaddr=0x951f82
      warm #2 cxx:new bytes=8 ptr=0x5563df342bd0 caller_vaddr=0x8cbc5d
      warm #3 cxx:delete(sized) bytes=0 ptr=0x5563df342bd0 caller_vaddr=0x951f82
      warm #4 cxx:new bytes=8 ptr=0x5563df342bd0 caller_vaddr=0x8cbc5d
      warm #5 cxx:delete(sized) bytes=0 ptr=0x5563df342bd0 caller_vaddr=0x951f82
      warm #6 cxx:new bytes=8 ptr=0x5563df342bd0 caller_vaddr=0x8cbc5d
      warm #7 cxx:delete(sized) bytes=0 ptr=0x5563df342bd0 caller_vaddr=0x951f82
      warm #8 cxx:new bytes=8 ptr=0x5563df342bd0 caller_vaddr=0x8cbc5d
      warm #9 cxx:delete(sized) bytes=0 ptr=0x5563df342bd0 caller_vaddr=0x951f82
      warm #10 cxx:new bytes=8 ptr=0x5563df342bd0 caller_vaddr=0x8cbc5d
      warm #11 cxx:delete(sized) bytes=0 ptr=0x5563df342bd0 caller_vaddr=0x951f82
      warm #12 cxx:new bytes=8 ptr=0x5563df342bd0 caller_vaddr=0x8cbc5d
      warm #13 cxx:delete(sized) bytes=0 ptr=0x5563df342bd0 caller_vaddr=0x951f82
      warm #14 cxx:new bytes=8 ptr=0x5563df342bd0 caller_vaddr=0x8cbc5d
      warm #15 cxx:delete(sized) bytes=0 ptr=0x5563df342bd0 caller_vaddr=0x951f82
      warm: ... 65520 more records suppressed
      warm: +196608 records beyond fixed capacity (overflow)
  [nam      ] rate=  48000 block= 512 drums=stopped  cold(alloc=1024 free=1024 lock=0) warm(alloc=131072 free=131072 lock=0 trylock=0 cond=0) 128 blocks 1.365 s  pb-wall 110.396 ms (855.8 us/blk, instrumented)  drums[active=0 voices=0] outRms=9.17995
      cold #0 cxx:new bytes=8 ptr=0x5563df342460 caller_vaddr=0x8cbc5d
      cold #1 cxx:delete(sized) bytes=0 ptr=0x5563df342460 caller_vaddr=0x951f82
      cold #2 cxx:new bytes=8 ptr=0x5563df342460 caller_vaddr=0x8cbc5d
      cold #3 cxx:delete(sized) bytes=0 ptr=0x5563df342460 caller_vaddr=0x951f82
      cold #4 cxx:new bytes=8 ptr=0x5563df342460 caller_vaddr=0x8cbc5d
      cold #5 cxx:delete(sized) bytes=0 ptr=0x5563df342460 caller_vaddr=0x951f82
      cold #6 cxx:new bytes=8 ptr=0x5563df342460 caller_vaddr=0x8cbc5d
      cold #7 cxx:delete(sized) bytes=0 ptr=0x5563df342460 caller_vaddr=0x951f82
      cold #8 cxx:new bytes=8 ptr=0x5563df342460 caller_vaddr=0x8cbc5d
      cold #9 cxx:delete(sized) bytes=0 ptr=0x5563df342460 caller_vaddr=0x951f82
      cold #10 cxx:new bytes=8 ptr=0x5563df342460 caller_vaddr=0x8cbc5d
      cold #11 cxx:delete(sized) bytes=0 ptr=0x5563df342460 caller_vaddr=0x951f82
      cold #12 cxx:new bytes=8 ptr=0x5563df342460 caller_vaddr=0x8cbc5d
      cold #13 cxx:delete(sized) bytes=0 ptr=0x5563df342460 caller_vaddr=0x951f82
      cold #14 cxx:new bytes=8 ptr=0x5563df342460 caller_vaddr=0x8cbc5d
      cold #15 cxx:delete(sized) bytes=0 ptr=0x5563df342460 caller_vaddr=0x951f82
      cold: ... 2032 more records suppressed
      warm #0 cxx:new bytes=8 ptr=0x5563df342460 caller_vaddr=0x8cbc5d
      warm #1 cxx:delete(sized) bytes=0 ptr=0x5563df342460 caller_vaddr=0x951f82
      warm #2 cxx:new bytes=8 ptr=0x5563df342460 caller_vaddr=0x8cbc5d
      warm #3 cxx:delete(sized) bytes=0 ptr=0x5563df342460 caller_vaddr=0x951f82
      warm #4 cxx:new bytes=8 ptr=0x5563df342460 caller_vaddr=0x8cbc5d
      warm #5 cxx:delete(sized) bytes=0 ptr=0x5563df342460 caller_vaddr=0x951f82
      warm #6 cxx:new bytes=8 ptr=0x5563df342460 caller_vaddr=0x8cbc5d
      warm #7 cxx:delete(sized) bytes=0 ptr=0x5563df342460 caller_vaddr=0x951f82
      warm #8 cxx:new bytes=8 ptr=0x5563df342460 caller_vaddr=0x8cbc5d
      warm #9 cxx:delete(sized) bytes=0 ptr=0x5563df342460 caller_vaddr=0x951f82
      warm #10 cxx:new bytes=8 ptr=0x5563df342460 caller_vaddr=0x8cbc5d
      warm #11 cxx:delete(sized) bytes=0 ptr=0x5563df342460 caller_vaddr=0x951f82
      warm #12 cxx:new bytes=8 ptr=0x5563df342460 caller_vaddr=0x8cbc5d
      warm #13 cxx:delete(sized) bytes=0 ptr=0x5563df342460 caller_vaddr=0x951f82
      warm #14 cxx:new bytes=8 ptr=0x5563df342460 caller_vaddr=0x8cbc5d
      warm #15 cxx:delete(sized) bytes=0 ptr=0x5563df342460 caller_vaddr=0x951f82
      warm: ... 65520 more records suppressed
      warm: +196608 records beyond fixed capacity (overflow)
  [nam+drums] rate=  48000 block= 512 drums=playing  cold(alloc=1024 free=1024 lock=0) warm(alloc=131072 free=131072 lock=0 trylock=0 cond=0) 128 blocks 1.365 s  pb-wall 112.047 ms (868.6 us/blk, instrumented)  drums[active=128 voices=10] outRms=9.18134
      no-op frees=128 sites(offset): 0x14b34d (free(NULL) no-ops, not heap frees)
      cold #0 cxx:new bytes=8 ptr=0x5563df341b90 caller_vaddr=0x8cbc5d
      cold #1 cxx:delete(sized) bytes=0 ptr=0x5563df341b90 caller_vaddr=0x951f82
      cold #2 cxx:new bytes=8 ptr=0x5563df341b90 caller_vaddr=0x8cbc5d
      cold #3 cxx:delete(sized) bytes=0 ptr=0x5563df341b90 caller_vaddr=0x951f82
      cold #4 cxx:new bytes=8 ptr=0x5563df341b90 caller_vaddr=0x8cbc5d
      cold #5 cxx:delete(sized) bytes=0 ptr=0x5563df341b90 caller_vaddr=0x951f82
      cold #6 cxx:new bytes=8 ptr=0x5563df341b90 caller_vaddr=0x8cbc5d
      cold #7 cxx:delete(sized) bytes=0 ptr=0x5563df341b90 caller_vaddr=0x951f82
      cold #8 cxx:new bytes=8 ptr=0x5563df341b90 caller_vaddr=0x8cbc5d
      cold #9 cxx:delete(sized) bytes=0 ptr=0x5563df341b90 caller_vaddr=0x951f82
      cold #10 cxx:new bytes=8 ptr=0x5563df341b90 caller_vaddr=0x8cbc5d
      cold #11 cxx:delete(sized) bytes=0 ptr=0x5563df341b90 caller_vaddr=0x951f82
      cold #12 cxx:new bytes=8 ptr=0x5563df341b90 caller_vaddr=0x8cbc5d
      cold #13 cxx:delete(sized) bytes=0 ptr=0x5563df341b90 caller_vaddr=0x951f82
      cold #14 cxx:new bytes=8 ptr=0x5563df341b90 caller_vaddr=0x8cbc5d
      cold #15 cxx:delete(sized) bytes=0 ptr=0x5563df341b90 caller_vaddr=0x951f82
      cold: ... 240 more records suppressed
      warm #0 cxx:new bytes=8 ptr=0x5563df341b90 caller_vaddr=0x8cbc5d
      warm #1 cxx:delete(sized) bytes=0 ptr=0x5563df341b90 caller_vaddr=0x951f82
      warm #2 cxx:new bytes=8 ptr=0x5563df341b90 caller_vaddr=0x8cbc5d
      warm #3 cxx:delete(sized) bytes=0 ptr=0x5563df341b90 caller_vaddr=0x951f82
      warm #4 cxx:new bytes=8 ptr=0x5563df341b90 caller_vaddr=0x8cbc5d
      warm #5 cxx:delete(sized) bytes=0 ptr=0x5563df341b90 caller_vaddr=0x951f82
      warm #6 cxx:new bytes=8 ptr=0x5563df341b90 caller_vaddr=0x8cbc5d
      warm #7 cxx:delete(sized) bytes=0 ptr=0x5563df341b90 caller_vaddr=0x951f82
      warm #8 cxx:new bytes=8 ptr=0x5563df341b90 caller_vaddr=0x8cbc5d
      warm #9 cxx:delete(sized) bytes=0 ptr=0x5563df341b90 caller_vaddr=0x951f82
      warm #10 cxx:new bytes=8 ptr=0x5563df341b90 caller_vaddr=0x8cbc5d
      warm #11 cxx:delete(sized) bytes=0 ptr=0x5563df341b90 caller_vaddr=0x951f82
      warm #12 cxx:new bytes=8 ptr=0x5563df341b90 caller_vaddr=0x8cbc5d
      warm #13 cxx:delete(sized) bytes=0 ptr=0x5563df341b90 caller_vaddr=0x951f82
      warm #14 cxx:new bytes=8 ptr=0x5563df341b90 caller_vaddr=0x8cbc5d
      warm #15 cxx:delete(sized) bytes=0 ptr=0x5563df341b90 caller_vaddr=0x951f82
      warm: ... 32752 more records suppressed
  [nam      ] rate=  96000 block= 128 drums=stopped  cold(alloc=128 free=128 lock=0) warm(alloc=16384 free=16384 lock=0 trylock=0 cond=0) 128 blocks 0.171 s  pb-wall 18.381 ms (142.5 us/blk, instrumented)  drums[active=0 voices=0] outRms=9.17781
      cold #0 cxx:new bytes=8 ptr=0x5563df3551e0 caller_vaddr=0x8cbc5d
      cold #1 cxx:delete(sized) bytes=0 ptr=0x5563df3551e0 caller_vaddr=0x951f82
      cold #2 cxx:new bytes=8 ptr=0x5563df3551e0 caller_vaddr=0x8cbc5d
      cold #3 cxx:delete(sized) bytes=0 ptr=0x5563df3551e0 caller_vaddr=0x951f82
      cold #4 cxx:new bytes=8 ptr=0x5563df3551e0 caller_vaddr=0x8cbc5d
      cold #5 cxx:delete(sized) bytes=0 ptr=0x5563df3551e0 caller_vaddr=0x951f82
      cold #6 cxx:new bytes=8 ptr=0x5563df3551e0 caller_vaddr=0x8cbc5d
      cold #7 cxx:delete(sized) bytes=0 ptr=0x5563df3551e0 caller_vaddr=0x951f82
      cold #8 cxx:new bytes=8 ptr=0x5563df3551e0 caller_vaddr=0x8cbc5d
      cold #9 cxx:delete(sized) bytes=0 ptr=0x5563df3551e0 caller_vaddr=0x951f82
      cold #10 cxx:new bytes=8 ptr=0x5563df3551e0 caller_vaddr=0x8cbc5d
      cold #11 cxx:delete(sized) bytes=0 ptr=0x5563df3551e0 caller_vaddr=0x951f82
      cold #12 cxx:new bytes=8 ptr=0x5563df3551e0 caller_vaddr=0x8cbc5d
      cold #13 cxx:delete(sized) bytes=0 ptr=0x5563df3551e0 caller_vaddr=0x951f82
      cold #14 cxx:new bytes=8 ptr=0x5563df3551e0 caller_vaddr=0x8cbc5d
      cold #15 cxx:delete(sized) bytes=0 ptr=0x5563df3551e0 caller_vaddr=0x951f82
      cold: ... 240 more records suppressed
      warm #0 cxx:new bytes=8 ptr=0x5563df3551e0 caller_vaddr=0x8cbc5d
      warm #1 cxx:delete(sized) bytes=0 ptr=0x5563df3551e0 caller_vaddr=0x951f82
      warm #2 cxx:new bytes=8 ptr=0x5563df3551e0 caller_vaddr=0x8cbc5d
      warm #3 cxx:delete(sized) bytes=0 ptr=0x5563df3551e0 caller_vaddr=0x951f82
      warm #4 cxx:new bytes=8 ptr=0x5563df3551e0 caller_vaddr=0x8cbc5d
      warm #5 cxx:delete(sized) bytes=0 ptr=0x5563df3551e0 caller_vaddr=0x951f82
      warm #6 cxx:new bytes=8 ptr=0x5563df3551e0 caller_vaddr=0x8cbc5d
      warm #7 cxx:delete(sized) bytes=0 ptr=0x5563df3551e0 caller_vaddr=0x951f82
      warm #8 cxx:new bytes=8 ptr=0x5563df3551e0 caller_vaddr=0x8cbc5d
      warm #9 cxx:delete(sized) bytes=0 ptr=0x5563df3551e0 caller_vaddr=0x951f82
      warm #10 cxx:new bytes=8 ptr=0x5563df3551e0 caller_vaddr=0x8cbc5d
      warm #11 cxx:delete(sized) bytes=0 ptr=0x5563df3551e0 caller_vaddr=0x951f82
      warm #12 cxx:new bytes=8 ptr=0x5563df3551e0 caller_vaddr=0x8cbc5d
      warm #13 cxx:delete(sized) bytes=0 ptr=0x5563df3551e0 caller_vaddr=0x951f82
      warm #14 cxx:new bytes=8 ptr=0x5563df3551e0 caller_vaddr=0x8cbc5d
      warm #15 cxx:delete(sized) bytes=0 ptr=0x5563df3551e0 caller_vaddr=0x951f82
      warm: ... 32752 more records suppressed
  [nam+drums] rate=  96000 block= 128 drums=playing  cold(alloc=128 free=128 lock=0) warm(alloc=16384 free=16384 lock=0 trylock=0 cond=0) 128 blocks 0.171 s  pb-wall 18.482 ms (143.3 us/blk, instrumented)  drums[active=128 voices=0] outRms=9.17599
      no-op frees=128 sites(offset): 0x14b34d (free(NULL) no-ops, not heap frees)
      cold #0 cxx:new bytes=8 ptr=0x5563df352550 caller_vaddr=0x8cbc5d
      cold #1 cxx:delete(sized) bytes=0 ptr=0x5563df352550 caller_vaddr=0x951f82
      cold #2 cxx:new bytes=8 ptr=0x5563df352550 caller_vaddr=0x8cbc5d
      cold #3 cxx:delete(sized) bytes=0 ptr=0x5563df352550 caller_vaddr=0x951f82
      cold #4 cxx:new bytes=8 ptr=0x5563df352550 caller_vaddr=0x8cbc5d
      cold #5 cxx:delete(sized) bytes=0 ptr=0x5563df352550 caller_vaddr=0x951f82
      cold #6 cxx:new bytes=8 ptr=0x5563df352550 caller_vaddr=0x8cbc5d
      cold #7 cxx:delete(sized) bytes=0 ptr=0x5563df352550 caller_vaddr=0x951f82
      cold #8 cxx:new bytes=8 ptr=0x5563df352550 caller_vaddr=0x8cbc5d
      cold #9 cxx:delete(sized) bytes=0 ptr=0x5563df352550 caller_vaddr=0x951f82
      cold #10 cxx:new bytes=8 ptr=0x5563df352550 caller_vaddr=0x8cbc5d
      cold #11 cxx:delete(sized) bytes=0 ptr=0x5563df352550 caller_vaddr=0x951f82
      cold #12 cxx:new bytes=8 ptr=0x5563df352550 caller_vaddr=0x8cbc5d
      cold #13 cxx:delete(sized) bytes=0 ptr=0x5563df352550 caller_vaddr=0x951f82
      cold #14 cxx:new bytes=8 ptr=0x5563df352550 caller_vaddr=0x8cbc5d
      cold #15 cxx:delete(sized) bytes=0 ptr=0x5563df352550 caller_vaddr=0x951f82
      cold: ... 1008 more records suppressed
      warm #0 cxx:new bytes=8 ptr=0x5563df352550 caller_vaddr=0x8cbc5d
      warm #1 cxx:delete(sized) bytes=0 ptr=0x5563df352550 caller_vaddr=0x951f82
      warm #2 cxx:new bytes=8 ptr=0x5563df352550 caller_vaddr=0x8cbc5d
      warm #3 cxx:delete(sized) bytes=0 ptr=0x5563df352550 caller_vaddr=0x951f82
      warm #4 cxx:new bytes=8 ptr=0x5563df352550 caller_vaddr=0x8cbc5d
      warm #5 cxx:delete(sized) bytes=0 ptr=0x5563df352550 caller_vaddr=0x951f82
      warm #6 cxx:new bytes=8 ptr=0x5563df352550 caller_vaddr=0x8cbc5d
      warm #7 cxx:delete(sized) bytes=0 ptr=0x5563df352550 caller_vaddr=0x951f82
      warm #8 cxx:new bytes=8 ptr=0x5563df352550 caller_vaddr=0x8cbc5d
      warm #9 cxx:delete(sized) bytes=0 ptr=0x5563df352550 caller_vaddr=0x951f82
      warm #10 cxx:new bytes=8 ptr=0x5563df352550 caller_vaddr=0x8cbc5d
      warm #11 cxx:delete(sized) bytes=0 ptr=0x5563df352550 caller_vaddr=0x951f82
      warm #12 cxx:new bytes=8 ptr=0x5563df352550 caller_vaddr=0x8cbc5d
      warm #13 cxx:delete(sized) bytes=0 ptr=0x5563df352550 caller_vaddr=0x951f82
      warm #14 cxx:new bytes=8 ptr=0x5563df352550 caller_vaddr=0x8cbc5d
      warm #15 cxx:delete(sized) bytes=0 ptr=0x5563df352550 caller_vaddr=0x951f82
      warm: ... 65520 more records suppressed
      warm: +65536 records beyond fixed capacity (overflow)
  [nam      ] rate=  96000 block= 512 drums=stopped  cold(alloc=512 free=512 lock=0) warm(alloc=65536 free=65536 lock=0 trylock=0 cond=0) 128 blocks 0.683 s  pb-wall 68.617 ms (531.9 us/blk, instrumented)  drums[active=0 voices=0] outRms=9.17719
      cold #0 cxx:new bytes=8 ptr=0x5563df343d80 caller_vaddr=0x8cbc5d
      cold #1 cxx:delete(sized) bytes=0 ptr=0x5563df343d80 caller_vaddr=0x951f82
      cold #2 cxx:new bytes=8 ptr=0x5563df343d80 caller_vaddr=0x8cbc5d
      cold #3 cxx:delete(sized) bytes=0 ptr=0x5563df343d80 caller_vaddr=0x951f82
      cold #4 cxx:new bytes=8 ptr=0x5563df343d80 caller_vaddr=0x8cbc5d
      cold #5 cxx:delete(sized) bytes=0 ptr=0x5563df343d80 caller_vaddr=0x951f82
      cold #6 cxx:new bytes=8 ptr=0x5563df343d80 caller_vaddr=0x8cbc5d
      cold #7 cxx:delete(sized) bytes=0 ptr=0x5563df343d80 caller_vaddr=0x951f82
      cold #8 cxx:new bytes=8 ptr=0x5563df343d80 caller_vaddr=0x8cbc5d
      cold #9 cxx:delete(sized) bytes=0 ptr=0x5563df343d80 caller_vaddr=0x951f82
      cold #10 cxx:new bytes=8 ptr=0x5563df343d80 caller_vaddr=0x8cbc5d
      cold #11 cxx:delete(sized) bytes=0 ptr=0x5563df343d80 caller_vaddr=0x951f82
      cold #12 cxx:new bytes=8 ptr=0x5563df343d80 caller_vaddr=0x8cbc5d
      cold #13 cxx:delete(sized) bytes=0 ptr=0x5563df343d80 caller_vaddr=0x951f82
      cold #14 cxx:new bytes=8 ptr=0x5563df343d80 caller_vaddr=0x8cbc5d
      cold #15 cxx:delete(sized) bytes=0 ptr=0x5563df343d80 caller_vaddr=0x951f82
      cold: ... 1008 more records suppressed
      warm #0 cxx:new bytes=8 ptr=0x5563df343d80 caller_vaddr=0x8cbc5d
      warm #1 cxx:delete(sized) bytes=0 ptr=0x5563df343d80 caller_vaddr=0x951f82
      warm #2 cxx:new bytes=8 ptr=0x5563df343d80 caller_vaddr=0x8cbc5d
      warm #3 cxx:delete(sized) bytes=0 ptr=0x5563df343d80 caller_vaddr=0x951f82
      warm #4 cxx:new bytes=8 ptr=0x5563df343d80 caller_vaddr=0x8cbc5d
      warm #5 cxx:delete(sized) bytes=0 ptr=0x5563df343d80 caller_vaddr=0x951f82
      warm #6 cxx:new bytes=8 ptr=0x5563df343d80 caller_vaddr=0x8cbc5d
      warm #7 cxx:delete(sized) bytes=0 ptr=0x5563df343d80 caller_vaddr=0x951f82
      warm #8 cxx:new bytes=8 ptr=0x5563df343d80 caller_vaddr=0x8cbc5d
      warm #9 cxx:delete(sized) bytes=0 ptr=0x5563df343d80 caller_vaddr=0x951f82
      warm #10 cxx:new bytes=8 ptr=0x5563df343d80 caller_vaddr=0x8cbc5d
      warm #11 cxx:delete(sized) bytes=0 ptr=0x5563df343d80 caller_vaddr=0x951f82
      warm #12 cxx:new bytes=8 ptr=0x5563df343d80 caller_vaddr=0x8cbc5d
      warm #13 cxx:delete(sized) bytes=0 ptr=0x5563df343d80 caller_vaddr=0x951f82
      warm #14 cxx:new bytes=8 ptr=0x5563df343d80 caller_vaddr=0x8cbc5d
      warm #15 cxx:delete(sized) bytes=0 ptr=0x5563df343d80 caller_vaddr=0x951f82
      warm: ... 65520 more records suppressed
      warm: +65536 records beyond fixed capacity (overflow)
  [nam+drums] rate=  96000 block= 512 drums=playing  cold(alloc=512 free=512 lock=0) warm(alloc=65536 free=65536 lock=0 trylock=0 cond=0) 128 blocks 0.683 s  pb-wall 66.860 ms (518.3 us/blk, instrumented)  drums[active=128 voices=4] outRms=9.17744
      no-op frees=128 sites(offset): 0x14b34d (free(NULL) no-ops, not heap frees)

CSV written: /home/mojo/projects/worktrees/RT-005-nam-activations/docs/research/nam-activation-repair/runs/original/a2_wavenet_max/cases.csv

[totals across 26 measured cases]
  dry cases (of 18) nonzero : 0 (all zero)
  cold allocator calls      : 3840
  warm allocator calls      : 491520
  warm free calls           : 491520
  warm no-op frees (nullptr): 1664
  warm lock/cond operations : 0
  cases with warm alloc/free: 8
  NAM measured              : yes
  scene restored via dispatch: yes (27.5 ms, bound 262 ms)
  editor created            : no
