RT-002 processor runtime probe
==============================
mode=full warm blocks per case=128

[instrument self-check]
  armed exact: new=2 new[]=2 del=1 del[]=2 del(sized)=1 malloc=1 calloc=1 realloc=1 free=2 lock=2 unlock=2 trylock=1 cond=1
  self-check PASS (gate + exact new/delete/malloc/lock detection)

[scene flag -> processor Timer via genuine JUCE message loop]
  scene[audio]: saved=0.000000 changed=-16.799999 before=-16.799999 after=0.000000 restored=1 restore@31.5 ms (loop@31.3 ms) dispatch=100.0 ms
  scene[audio]: blocks=11 signal(alloc=0 free=0 lock=0 trylock=0 cond=0 unlock=0) stopBefore=0 stopAfter=1 dispatchInBound=1 editorNull=1

[nam] requesting async load: /home/mojo/projects/guitars/third_party/NeuralAmpModelerCore/example_models/A2.nam
[dry/built-in chain: rates x block sizes x drums]
  [dry      ] rate=  44100 block=  64 drums=stopped  cold(alloc=0 free=0 lock=0) warm(alloc=0 free=0 lock=0 trylock=0 cond=0) 128 blocks 0.186 s  pb-wall 1.262 ms (9.8 us/blk, instrumented)  drums[active=0 voices=0] outRms=0.14093
  [dry+drums] rate=  44100 block=  64 drums=playing  cold(alloc=0 free=0 lock=0) warm(alloc=0 free=0 lock=0 trylock=0 cond=0) 128 blocks 0.186 s  pb-wall 1.420 ms (11.0 us/blk, instrumented)  drums[active=128 voices=0] outRms=0.24163
      no-op frees=128 sites(offset): 0x14b30d (free(NULL) no-ops, not heap frees)
  [dry      ] rate=  44100 block= 128 drums=stopped  cold(alloc=0 free=0 lock=0) warm(alloc=0 free=0 lock=0 trylock=0 cond=0) 128 blocks 0.372 s  pb-wall 2.444 ms (18.9 us/blk, instrumented)  drums[active=0 voices=0] outRms=0.14167
  [dry+drums] rate=  44100 block= 128 drums=playing  cold(alloc=0 free=0 lock=0) warm(alloc=0 free=0 lock=0 trylock=0 cond=0) 128 blocks 0.372 s  pb-wall 2.765 ms (21.4 us/blk, instrumented)  drums[active=128 voices=2] outRms=0.20636
      no-op frees=128 sites(offset): 0x14b30d (free(NULL) no-ops, not heap frees)
  [dry      ] rate=  44100 block= 512 drums=stopped  cold(alloc=0 free=0 lock=0) warm(alloc=0 free=0 lock=0 trylock=0 cond=0) 128 blocks 1.486 s  pb-wall 9.450 ms (73.3 us/blk, instrumented)  drums[active=0 voices=0] outRms=0.14181
  [dry+drums] rate=  44100 block= 512 drums=playing  cold(alloc=0 free=0 lock=0) warm(alloc=0 free=0 lock=0 trylock=0 cond=0) 128 blocks 1.486 s  pb-wall 11.010 ms (85.4 us/blk, instrumented)  drums[active=128 voices=10] outRms=0.19194
      no-op frees=128 sites(offset): 0x14b30d (free(NULL) no-ops, not heap frees)
  [nam] model became active during the dry run (activation swap occurred inside a dry warm block; not separately isolated)
  [dry      ] rate=  48000 block=  64 drums=stopped  cold(alloc=0 free=0 lock=0) warm(alloc=0 free=0 lock=0 trylock=0 cond=0) 128 blocks 0.171 s  pb-wall 1.249 ms (9.7 us/blk, instrumented)  drums[active=0 voices=0] outRms=0.13979
  [dry+drums] rate=  48000 block=  64 drums=playing  cold(alloc=0 free=0 lock=0) warm(alloc=0 free=0 lock=0 trylock=0 cond=0) 128 blocks 0.171 s  pb-wall 1.381 ms (10.7 us/blk, instrumented)  drums[active=128 voices=0] outRms=0.25066
      no-op frees=128 sites(offset): 0x14b30d (free(NULL) no-ops, not heap frees)
  [dry      ] rate=  48000 block= 128 drums=stopped  cold(alloc=0 free=0 lock=0) warm(alloc=0 free=0 lock=0 trylock=0 cond=0) 128 blocks 0.341 s  pb-wall 2.434 ms (18.9 us/blk, instrumented)  drums[active=0 voices=0] outRms=0.14266
  [dry+drums] rate=  48000 block= 128 drums=playing  cold(alloc=0 free=0 lock=0) warm(alloc=0 free=0 lock=0 trylock=0 cond=0) 128 blocks 0.341 s  pb-wall 2.721 ms (21.1 us/blk, instrumented)  drums[active=128 voices=2] outRms=0.21158
      no-op frees=128 sites(offset): 0x14b30d (free(NULL) no-ops, not heap frees)
  [dry      ] rate=  48000 block= 512 drums=stopped  cold(alloc=0 free=0 lock=0) warm(alloc=0 free=0 lock=0 trylock=0 cond=0) 128 blocks 1.365 s  pb-wall 9.396 ms (72.8 us/blk, instrumented)  drums[active=0 voices=0] outRms=0.14232
  [dry+drums] rate=  48000 block= 512 drums=playing  cold(alloc=0 free=0 lock=0) warm(alloc=0 free=0 lock=0 trylock=0 cond=0) 128 blocks 1.365 s  pb-wall 11.019 ms (85.4 us/blk, instrumented)  drums[active=128 voices=10] outRms=0.19767
      no-op frees=128 sites(offset): 0x14b30d (free(NULL) no-ops, not heap frees)
  [dry      ] rate=  96000 block=  64 drums=stopped  cold(alloc=0 free=0 lock=0) warm(alloc=0 free=0 lock=0 trylock=0 cond=0) 128 blocks 0.085 s  pb-wall 1.257 ms (9.7 us/blk, instrumented)  drums[active=0 voices=0] outRms=0.14086
  [dry+drums] rate=  96000 block=  64 drums=playing  cold(alloc=0 free=0 lock=0) warm(alloc=0 free=0 lock=0 trylock=0 cond=0) 128 blocks 0.085 s  pb-wall 1.378 ms (10.7 us/blk, instrumented)  drums[active=128 voices=0] outRms=0.30935
      no-op frees=128 sites(offset): 0x14b30d (free(NULL) no-ops, not heap frees)
  [dry      ] rate=  96000 block= 128 drums=stopped  cold(alloc=0 free=0 lock=0) warm(alloc=0 free=0 lock=0 trylock=0 cond=0) 128 blocks 0.171 s  pb-wall 2.438 ms (18.9 us/blk, instrumented)  drums[active=0 voices=0] outRms=0.14278
  [dry+drums] rate=  96000 block= 128 drums=playing  cold(alloc=0 free=0 lock=0) warm(alloc=0 free=0 lock=0 trylock=0 cond=0) 128 blocks 0.171 s  pb-wall 2.730 ms (21.2 us/blk, instrumented)  drums[active=128 voices=0] outRms=0.25050
      no-op frees=128 sites(offset): 0x14b30d (free(NULL) no-ops, not heap frees)
  [dry      ] rate=  96000 block= 512 drums=stopped  cold(alloc=0 free=0 lock=0) warm(alloc=0 free=0 lock=0 trylock=0 cond=0) 128 blocks 0.683 s  pb-wall 9.476 ms (73.5 us/blk, instrumented)  drums[active=0 voices=0] outRms=0.14189
  [dry+drums] rate=  96000 block= 512 drums=playing  cold(alloc=0 free=0 lock=0) warm(alloc=0 free=0 lock=0 trylock=0 cond=0) 128 blocks 0.683 s  pb-wall 10.656 ms (82.6 us/blk, instrumented)  drums[active=128 voices=4] outRms=0.20719
      no-op frees=128 sites(offset): 0x14b30d (free(NULL) no-ops, not heap frees)

[nam] post-dry state: loaded=1 resampling=1 error=""
  [nam      ] rate=  48000 block= 128 drums=stopped  cold(alloc=0 free=0 lock=0) warm(alloc=0 free=0 lock=0 trylock=0 cond=0) 128 blocks 0.341 s  pb-wall 33.601 ms (260.5 us/blk, instrumented)  drums[active=0 voices=0] outRms=0.02071
  [nam+drums] rate=  48000 block= 128 drums=playing  cold(alloc=0 free=0 lock=0) warm(alloc=0 free=0 lock=0 trylock=0 cond=0) 128 blocks 0.341 s  pb-wall 39.249 ms (304.3 us/blk, instrumented)  drums[active=128 voices=2] outRms=0.14047
      no-op frees=128 sites(offset): 0x14b30d (free(NULL) no-ops, not heap frees)
  [nam      ] rate=  48000 block= 512 drums=stopped  cold(alloc=0 free=0 lock=0) warm(alloc=0 free=0 lock=0 trylock=0 cond=0) 128 blocks 1.365 s  pb-wall 127.601 ms (989.2 us/blk, instrumented)  drums[active=0 voices=0] outRms=0.02085
  [nam+drums] rate=  48000 block= 512 drums=playing  cold(alloc=0 free=0 lock=0) warm(alloc=0 free=0 lock=0 trylock=0 cond=0) 128 blocks 1.365 s  pb-wall 129.108 ms (1000.8 us/blk, instrumented)  drums[active=128 voices=10] outRms=0.11988
      no-op frees=128 sites(offset): 0x14b30d (free(NULL) no-ops, not heap frees)
  [nam      ] rate=  96000 block= 128 drums=stopped  cold(alloc=0 free=0 lock=0) warm(alloc=0 free=0 lock=0 trylock=0 cond=0) 128 blocks 0.171 s  pb-wall 20.911 ms (162.1 us/blk, instrumented)  drums[active=0 voices=0] outRms=0.02118
  [nam+drums] rate=  96000 block= 128 drums=playing  cold(alloc=0 free=0 lock=0) warm(alloc=0 free=0 lock=0 trylock=0 cond=0) 128 blocks 0.171 s  pb-wall 20.211 ms (156.7 us/blk, instrumented)  drums[active=128 voices=0] outRms=0.19153
      no-op frees=128 sites(offset): 0x14b30d (free(NULL) no-ops, not heap frees)
  [nam      ] rate=  96000 block= 512 drums=stopped  cold(alloc=0 free=0 lock=0) warm(alloc=0 free=0 lock=0 trylock=0 cond=0) 128 blocks 0.683 s  pb-wall 75.002 ms (581.4 us/blk, instrumented)  drums[active=0 voices=0] outRms=0.02078
  [nam+drums] rate=  96000 block= 512 drums=playing  cold(alloc=0 free=0 lock=0) warm(alloc=0 free=0 lock=0 trylock=0 cond=0) 128 blocks 0.683 s  pb-wall 76.390 ms (592.2 us/blk, instrumented)  drums[active=128 voices=4] outRms=0.13217
      no-op frees=128 sites(offset): 0x14b30d (free(NULL) no-ops, not heap frees)

CSV written: /home/mojo/projects/worktrees/RT-004-nam-architectures/docs/research/nam-architecture-probe/runs/repaired/a2_slimmable_container/cases.csv

[totals across 26 measured cases]
  dry cases (of 18) nonzero : 0 (all zero)
  cold allocator calls      : 0
  warm allocator calls      : 0
  warm free calls           : 0
  warm no-op frees (nullptr): 1664
  warm lock/cond operations : 0
  cases with warm alloc/free: 0
  NAM measured              : yes
  scene restored via dispatch: yes (31.5 ms, bound 262 ms)
  editor created            : no
