EVAL-LIVE-001 actual-processor live-Jam replay (corrected)
=========================================================
source=/home/mojo/projects/build-INT-LIVE-001-integration/product-source
product=/home/mojo/projects/build-INT-LIVE-001-integration/product
scope=full cells=54 realtime=1

[instrument self-check]
  armed exact: new=2 new[]=2 del=1 del[]=2 del(sized)=1 malloc=1 calloc=1 realloc=1 free=2 lock=2 unlock=2 trylock=1 cond=1
  self-check PASS

  [disabled_r48000_b128_clean          ] cold(cxx=0 c=0 lock=0) warm(cxx=0 c=0 free=0 lock=0) 1500 blocks 0.03s fast ao=measured(delta_bad=0 back=0) rep(coalesced=0 skipped=0 future=0) new_receipts=29 repeat=0 rms=0.175385
  [disabled_r48000_b128_noise          ] cold(cxx=0 c=0 lock=0) warm(cxx=0 c=0 free=0 lock=0) 1500 blocks 0.03s fast ao=measured(delta_bad=0 back=0) rep(coalesced=0 skipped=0 future=0) new_receipts=31 repeat=0 rms=0.115492
  [disabled_r48000_b128_silence        ] cold(cxx=0 c=0 lock=0) warm(cxx=0 c=0 free=0 lock=0) 1500 blocks 0.03s fast ao=measured(delta_bad=0 back=0) rep(coalesced=0 skipped=0 future=0) new_receipts=31 repeat=0 rms=0.000000
  [enabled_r48000_b128_clean           ] cold(cxx=0 c=0 lock=0) warm(cxx=0 c=0 free=0 lock=0) 1500 blocks 4.00s rt ao=measured(delta_bad=0 back=0) rep(coalesced=29 skipped=29 future=0) new_receipts=1478 repeat=11 rms=0.175385
  [enabled_r48000_b128_noise           ] cold(cxx=0 c=0 lock=0) warm(cxx=0 c=0 free=0 lock=0) 1500 blocks 4.00s rt ao=measured(delta_bad=0 back=0) rep(coalesced=28 skipped=28 future=0) new_receipts=1484 repeat=4 rms=0.115492
  [enabled_r48000_b128_silence         ] cold(cxx=0 c=0 lock=0) warm(cxx=0 c=0 free=0 lock=0) 1500 blocks 4.00s rt ao=measured(delta_bad=0 back=0) rep(coalesced=49 skipped=49 future=0) new_receipts=1487 repeat=3 rms=0.000000
  [enabled_pressure_r48000_b128_clean  ] cold(cxx=0 c=0 lock=0) warm(cxx=0 c=0 free=0 lock=0) 1500 blocks 0.03s fast ao=measured(delta_bad=0 back=0) rep(coalesced=0 skipped=0 future=0) new_receipts=31 repeat=0 rms=0.175385
  [enabled_pressure_r48000_b128_noise  ] cold(cxx=0 c=0 lock=0) warm(cxx=0 c=0 free=0 lock=0) 1500 blocks 0.03s fast ao=measured(delta_bad=0 back=0) rep(coalesced=0 skipped=0 future=0) new_receipts=31 repeat=0 rms=0.115492
  [enabled_pressure_r48000_b128_silence] cold(cxx=0 c=0 lock=0) warm(cxx=0 c=0 free=0 lock=0) 1500 blocks 0.03s fast ao=measured(delta_bad=0 back=0) rep(coalesced=0 skipped=0 future=0) new_receipts=30 repeat=1 rms=0.000000
  [disabled_r48000_b512_clean          ] cold(cxx=0 c=0 lock=0) warm(cxx=0 c=0 free=0 lock=0) 375 blocks 0.03s fast ao=measured(delta_bad=0 back=0) rep(coalesced=0 skipped=0 future=0) new_receipts=30 repeat=0 rms=0.184912
  [disabled_r48000_b512_noise          ] cold(cxx=0 c=0 lock=0) warm(cxx=0 c=0 free=0 lock=0) 375 blocks 0.03s fast ao=measured(delta_bad=0 back=0) rep(coalesced=0 skipped=0 future=0) new_receipts=28 repeat=1 rms=0.115500
  [disabled_r48000_b512_silence        ] cold(cxx=0 c=0 lock=0) warm(cxx=0 c=0 free=0 lock=0) 375 blocks 0.03s fast ao=measured(delta_bad=0 back=0) rep(coalesced=0 skipped=0 future=0) new_receipts=30 repeat=0 rms=0.000000
  [enabled_r48000_b512_clean           ] cold(cxx=0 c=0 lock=0) warm(cxx=0 c=0 free=0 lock=0) 375 blocks 4.00s rt ao=measured(delta_bad=0 back=0) rep(coalesced=15 skipped=15 future=0) new_receipts=375 repeat=0 rms=0.184912
  [enabled_r48000_b512_noise           ] cold(cxx=0 c=0 lock=0) warm(cxx=0 c=0 free=0 lock=0) 375 blocks 4.00s rt ao=measured(delta_bad=0 back=0) rep(coalesced=10 skipped=10 future=0) new_receipts=374 repeat=1 rms=0.115500
  [enabled_r48000_b512_silence         ] cold(cxx=0 c=0 lock=0) warm(cxx=0 c=0 free=0 lock=0) 375 blocks 4.00s rt ao=measured(delta_bad=0 back=0) rep(coalesced=2 skipped=2 future=0) new_receipts=375 repeat=0 rms=0.000000
  [enabled_pressure_r48000_b512_clean  ] cold(cxx=0 c=0 lock=0) warm(cxx=0 c=0 free=0 lock=0) 375 blocks 0.03s fast ao=measured(delta_bad=0 back=0) rep(coalesced=0 skipped=0 future=0) new_receipts=28 repeat=0 rms=0.184912
  [enabled_pressure_r48000_b512_noise  ] cold(cxx=0 c=0 lock=0) warm(cxx=0 c=0 free=0 lock=0) 375 blocks 0.03s fast ao=measured(delta_bad=0 back=0) rep(coalesced=0 skipped=0 future=0) new_receipts=29 repeat=1 rms=0.115500
  [enabled_pressure_r48000_b512_silence] cold(cxx=0 c=0 lock=0) warm(cxx=0 c=0 free=0 lock=0) 375 blocks 0.03s fast ao=measured(delta_bad=0 back=0) rep(coalesced=0 skipped=0 future=0) new_receipts=25 repeat=3 rms=0.000000
  [disabled_r48000_b4096_clean         ] cold(cxx=0 c=0 lock=0) warm(cxx=0 c=0 free=0 lock=0) 47 blocks 0.03s fast ao=measured(delta_bad=0 back=0) rep(coalesced=0 skipped=0 future=0) new_receipts=15 repeat=0 rms=0.247380
  [disabled_r48000_b4096_noise         ] cold(cxx=0 c=0 lock=0) warm(cxx=0 c=0 free=0 lock=0) 47 blocks 0.03s fast ao=measured(delta_bad=0 back=0) rep(coalesced=0 skipped=0 future=0) new_receipts=29 repeat=1 rms=0.115499
  [disabled_r48000_b4096_silence       ] cold(cxx=0 c=0 lock=0) warm(cxx=0 c=0 free=0 lock=0) 47 blocks 0.03s fast ao=measured(delta_bad=0 back=0) rep(coalesced=0 skipped=0 future=0) new_receipts=29 repeat=0 rms=0.000000
  [enabled_r48000_b4096_clean          ] cold(cxx=0 c=0 lock=0) warm(cxx=0 c=0 free=0 lock=0) 47 blocks 4.01s rt ao=measured(delta_bad=0 back=0) rep(coalesced=9 skipped=9 future=0) new_receipts=47 repeat=0 rms=0.247380
  [enabled_r48000_b4096_noise          ] cold(cxx=0 c=0 lock=0) warm(cxx=0 c=0 free=0 lock=0) 47 blocks 4.01s rt ao=measured(delta_bad=0 back=0) rep(coalesced=5 skipped=5 future=0) new_receipts=47 repeat=0 rms=0.115499
  [enabled_r48000_b4096_silence        ] cold(cxx=0 c=0 lock=0) warm(cxx=0 c=0 free=0 lock=0) 47 blocks 4.01s rt ao=measured(delta_bad=0 back=0) rep(coalesced=9 skipped=9 future=0) new_receipts=45 repeat=2 rms=0.000000
  [enabled_pressure_r48000_b4096_clean ] cold(cxx=0 c=0 lock=0) warm(cxx=0 c=0 free=0 lock=0) 47 blocks 0.03s fast ao=measured(delta_bad=0 back=0) rep(coalesced=0 skipped=0 future=0) new_receipts=28 repeat=2 rms=0.247380
  [enabled_pressure_r48000_b4096_noise ] cold(cxx=0 c=0 lock=0) warm(cxx=0 c=0 free=0 lock=0) 47 blocks 0.03s fast ao=measured(delta_bad=0 back=0) rep(coalesced=0 skipped=0 future=0) new_receipts=21 repeat=0 rms=0.115499
  [enabled_pressure_r48000_b4096_silence] cold(cxx=0 c=0 lock=0) warm(cxx=0 c=0 free=0 lock=0) 47 blocks 0.03s fast ao=measured(delta_bad=0 back=0) rep(coalesced=1 skipped=1 future=0) new_receipts=24 repeat=3 rms=0.000000
  [disabled_r96000_b128_clean          ] cold(cxx=0 c=0 lock=0) warm(cxx=0 c=0 free=0 lock=0) 3000 blocks 0.07s fast ao=measured(delta_bad=0 back=0) rep(coalesced=0 skipped=0 future=0) new_receipts=54 repeat=0 rms=0.169262
  [disabled_r96000_b128_noise          ] cold(cxx=0 c=0 lock=0) warm(cxx=0 c=0 free=0 lock=0) 3000 blocks 0.07s fast ao=measured(delta_bad=0 back=0) rep(coalesced=0 skipped=0 future=0) new_receipts=51 repeat=3 rms=0.091328
  [disabled_r96000_b128_silence        ] cold(cxx=0 c=0 lock=0) warm(cxx=0 c=0 free=0 lock=0) 3000 blocks 0.07s fast ao=measured(delta_bad=0 back=0) rep(coalesced=0 skipped=0 future=0) new_receipts=54 repeat=7 rms=0.000000
  [enabled_r96000_b128_clean           ] cold(cxx=0 c=0 lock=0) warm(cxx=0 c=0 free=0 lock=0) 3000 blocks 4.00s rt ao=measured(delta_bad=0 back=0) rep(coalesced=127 skipped=127 future=0) new_receipts=2433 repeat=536 rms=0.169262
  [enabled_r96000_b128_noise           ] cold(cxx=0 c=0 lock=0) warm(cxx=0 c=0 free=0 lock=0) 3000 blocks 4.00s rt ao=measured(delta_bad=0 back=0) rep(coalesced=109 skipped=109 future=0) new_receipts=2481 repeat=489 rms=0.091328
  [enabled_r96000_b128_silence         ] cold(cxx=0 c=0 lock=0) warm(cxx=0 c=0 free=0 lock=0) 3000 blocks 4.00s rt ao=measured(delta_bad=0 back=0) rep(coalesced=63 skipped=63 future=0) new_receipts=2439 repeat=513 rms=0.000000
  [enabled_pressure_r96000_b128_clean  ] cold(cxx=0 c=0 lock=0) warm(cxx=0 c=0 free=0 lock=0) 3000 blocks 0.09s fast ao=measured(delta_bad=0 back=0) rep(coalesced=0 skipped=0 future=0) new_receipts=41 repeat=23 rms=0.169262
  [enabled_pressure_r96000_b128_noise  ] cold(cxx=0 c=0 lock=0) warm(cxx=0 c=0 free=0 lock=0) 3000 blocks 0.08s fast ao=measured(delta_bad=0 back=0) rep(coalesced=0 skipped=0 future=0) new_receipts=52 repeat=7 rms=0.091328
  [enabled_pressure_r96000_b128_silence] cold(cxx=0 c=0 lock=0) warm(cxx=0 c=0 free=0 lock=0) 3000 blocks 0.08s fast ao=measured(delta_bad=0 back=0) rep(coalesced=0 skipped=0 future=0) new_receipts=55 repeat=4 rms=0.000000
  [disabled_r96000_b512_clean          ] cold(cxx=0 c=0 lock=0) warm(cxx=0 c=0 free=0 lock=0) 750 blocks 0.07s fast ao=measured(delta_bad=0 back=0) rep(coalesced=0 skipped=0 future=0) new_receipts=51 repeat=5 rms=0.178661
  [disabled_r96000_b512_noise          ] cold(cxx=0 c=0 lock=0) warm(cxx=0 c=0 free=0 lock=0) 750 blocks 0.07s fast ao=measured(delta_bad=0 back=0) rep(coalesced=0 skipped=0 future=0) new_receipts=45 repeat=6 rms=0.091352
  [disabled_r96000_b512_silence        ] cold(cxx=0 c=0 lock=0) warm(cxx=0 c=0 free=0 lock=0) 750 blocks 0.07s fast ao=measured(delta_bad=0 back=0) rep(coalesced=0 skipped=0 future=0) new_receipts=52 repeat=3 rms=0.000000
  [enabled_r96000_b512_clean           ] cold(cxx=0 c=0 lock=0) warm(cxx=0 c=0 free=0 lock=0) 750 blocks 4.00s rt ao=measured(delta_bad=0 back=0) rep(coalesced=29 skipped=29 future=0) new_receipts=746 repeat=3 rms=0.178661
  [enabled_r96000_b512_noise           ] cold(cxx=0 c=0 lock=0) warm(cxx=0 c=0 free=0 lock=0) 750 blocks 4.00s rt ao=measured(delta_bad=0 back=0) rep(coalesced=29 skipped=29 future=0) new_receipts=745 repeat=3 rms=0.091352
  [enabled_r96000_b512_silence         ] cold(cxx=0 c=0 lock=0) warm(cxx=0 c=0 free=0 lock=0) 750 blocks 4.00s rt ao=measured(delta_bad=0 back=0) rep(coalesced=15 skipped=15 future=0) new_receipts=749 repeat=1 rms=0.000000
  [enabled_pressure_r96000_b512_clean  ] cold(cxx=0 c=0 lock=0) warm(cxx=0 c=0 free=0 lock=0) 750 blocks 0.07s fast ao=measured(delta_bad=0 back=0) rep(coalesced=0 skipped=0 future=0) new_receipts=57 repeat=4 rms=0.178661
  [enabled_pressure_r96000_b512_noise  ] cold(cxx=0 c=0 lock=0) warm(cxx=0 c=0 free=0 lock=0) 750 blocks 0.07s fast ao=measured(delta_bad=0 back=0) rep(coalesced=0 skipped=0 future=0) new_receipts=48 repeat=8 rms=0.091352
  [enabled_pressure_r96000_b512_silence] cold(cxx=0 c=0 lock=0) warm(cxx=0 c=0 free=0 lock=0) 750 blocks 0.07s fast ao=measured(delta_bad=0 back=0) rep(coalesced=0 skipped=0 future=0) new_receipts=60 repeat=1 rms=0.000000
  [disabled_r96000_b4096_clean         ] cold(cxx=0 c=0 lock=0) warm(cxx=0 c=0 free=0 lock=0) 94 blocks 0.07s fast ao=measured(delta_bad=0 back=0) rep(coalesced=0 skipped=0 future=0) new_receipts=58 repeat=3 rms=0.218888
  [disabled_r96000_b4096_noise         ] cold(cxx=0 c=0 lock=0) warm(cxx=0 c=0 free=0 lock=0) 94 blocks 0.07s fast ao=measured(delta_bad=0 back=0) rep(coalesced=0 skipped=0 future=0) new_receipts=56 repeat=4 rms=0.091353
  [disabled_r96000_b4096_silence       ] cold(cxx=0 c=0 lock=0) warm(cxx=0 c=0 free=0 lock=0) 94 blocks 0.07s fast ao=measured(delta_bad=0 back=0) rep(coalesced=0 skipped=0 future=0) new_receipts=53 repeat=8 rms=0.000000
  [enabled_r96000_b4096_clean          ] cold(cxx=0 c=0 lock=0) warm(cxx=0 c=0 free=0 lock=0) 94 blocks 4.01s rt ao=measured(delta_bad=0 back=0) rep(coalesced=12 skipped=12 future=0) new_receipts=92 repeat=2 rms=0.218888
  [enabled_r96000_b4096_noise          ] cold(cxx=0 c=0 lock=0) warm(cxx=0 c=0 free=0 lock=0) 94 blocks 4.01s rt ao=measured(delta_bad=0 back=0) rep(coalesced=11 skipped=11 future=0) new_receipts=89 repeat=5 rms=0.091353
  [enabled_r96000_b4096_silence        ] cold(cxx=0 c=0 lock=0) warm(cxx=0 c=0 free=0 lock=0) 94 blocks 4.01s rt ao=measured(delta_bad=0 back=0) rep(coalesced=10 skipped=10 future=0) new_receipts=87 repeat=5 rms=0.000000
  [enabled_pressure_r96000_b4096_clean ] cold(cxx=0 c=0 lock=0) warm(cxx=0 c=0 free=0 lock=0) 94 blocks 0.07s fast ao=measured(delta_bad=0 back=0) rep(coalesced=0 skipped=0 future=0) new_receipts=56 repeat=5 rms=0.218888
  [enabled_pressure_r96000_b4096_noise ] cold(cxx=0 c=0 lock=0) warm(cxx=0 c=0 free=0 lock=0) 94 blocks 0.06s fast ao=measured(delta_bad=0 back=0) rep(coalesced=0 skipped=0 future=0) new_receipts=51 repeat=4 rms=0.091353
  [enabled_pressure_r96000_b4096_silence] cold(cxx=0 c=0 lock=0) warm(cxx=0 c=0 free=0 lock=0) 94 blocks 0.07s fast ao=measured(delta_bad=0 back=0) rep(coalesced=0 skipped=0 future=0) new_receipts=48 repeat=8 rms=0.000000

[supplemental scenarios]
  scenario[default_clean_long] start=1 join=1 blocks_to_join=752 16.0s
  scenario[injected_join_stop_resync] firstJoin=1 secondJoin=1 steps=32 stopNextDeferred=1 stopNow=1 resyncEffect=1 genChanged=1 released=1 shut=1 16.0s

cells.json: /home/mojo/projects/build-EVAL-LIVE-001-integration/actual-full-003/cells.json (scope=full cells=54 measured=54 findings=0)
