RT-002 processor runtime probe
==============================
mode=full warm blocks per case=128

[instrument self-check]
  armed exact: new=2 new[]=2 del=1 del[]=2 del(sized)=1 malloc=1 calloc=1 realloc=1 free=2 lock=2 unlock=2 trylock=1 cond=1
  self-check PASS (gate + exact new/delete/malloc/lock detection)

[scene flag -> processor Timer via genuine JUCE message loop]
  scene[audio]: saved=0.000000 changed=-16.799999 before=-16.799999 after=0.000000 restored=1 restore@29.5 ms (loop@29.2 ms) dispatch=100.0 ms
  scene[audio]: blocks=11 signal(alloc=0 free=0 lock=0 trylock=0 cond=0 unlock=0) stopBefore=0 stopAfter=1 dispatchInBound=1 editorNull=1

[nam] requesting async load: /home/mojo/projects/guitars/third_party/NeuralAmpModelerCore/example_models/A2.nam
[dry/built-in chain: rates x block sizes x drums]
  [dry      ] rate=  44100 block=  64 drums=stopped  cold(alloc=0 free=0 lock=0) warm(alloc=0 free=0 lock=0 trylock=0 cond=0) 128 blocks 0.186 s  pb-wall 1.265 ms (9.8 us/blk, instrumented)  drums[active=0 voices=0] outRms=0.14093
  [dry+drums] rate=  44100 block=  64 drums=playing  cold(alloc=0 free=0 lock=0) warm(alloc=0 free=0 lock=0 trylock=0 cond=0) 128 blocks 0.186 s  pb-wall 1.404 ms (10.9 us/blk, instrumented)  drums[active=128 voices=0] outRms=0.24163
      no-op frees=128 sites(offset): 0x14b30d (free(NULL) no-ops, not heap frees)
  [dry      ] rate=  44100 block= 128 drums=stopped  cold(alloc=0 free=0 lock=0) warm(alloc=0 free=0 lock=0 trylock=0 cond=0) 128 blocks 0.372 s  pb-wall 2.431 ms (18.8 us/blk, instrumented)  drums[active=0 voices=0] outRms=0.14167
  [dry+drums] rate=  44100 block= 128 drums=playing  cold(alloc=0 free=0 lock=0) warm(alloc=0 free=0 lock=0 trylock=0 cond=0) 128 blocks 0.372 s  pb-wall 3.056 ms (23.7 us/blk, instrumented)  drums[active=128 voices=2] outRms=0.20636
      no-op frees=128 sites(offset): 0x14b30d (free(NULL) no-ops, not heap frees)
  [dry      ] rate=  44100 block= 512 drums=stopped  cold(alloc=0 free=0 lock=0) warm(alloc=0 free=0 lock=0 trylock=0 cond=0) 128 blocks 1.486 s  pb-wall 10.055 ms (77.9 us/blk, instrumented)  drums[active=0 voices=0] outRms=0.14181
  [dry+drums] rate=  44100 block= 512 drums=playing  cold(alloc=0 free=0 lock=0) warm(alloc=0 free=0 lock=0 trylock=0 cond=0) 128 blocks 1.486 s  pb-wall 11.439 ms (88.7 us/blk, instrumented)  drums[active=128 voices=10] outRms=0.19194
      no-op frees=128 sites(offset): 0x14b30d (free(NULL) no-ops, not heap frees)
  [dry      ] rate=  48000 block=  64 drums=stopped  cold(alloc=0 free=0 lock=0) warm(alloc=0 free=0 lock=0 trylock=0 cond=0) 128 blocks 0.171 s  pb-wall 1.413 ms (11.0 us/blk, instrumented)  drums[active=0 voices=0] outRms=0.13979
  [dry+drums] rate=  48000 block=  64 drums=playing  cold(alloc=0 free=0 lock=0) warm(alloc=0 free=0 lock=0 trylock=0 cond=0) 128 blocks 0.171 s  pb-wall 1.538 ms (11.9 us/blk, instrumented)  drums[active=128 voices=0] outRms=0.25066
      no-op frees=128 sites(offset): 0x14b30d (free(NULL) no-ops, not heap frees)
  [dry      ] rate=  48000 block= 128 drums=stopped  cold(alloc=0 free=0 lock=0) warm(alloc=0 free=0 lock=0 trylock=0 cond=0) 128 blocks 0.341 s  pb-wall 3.001 ms (23.3 us/blk, instrumented)  drums[active=0 voices=0] outRms=0.14266
  [dry+drums] rate=  48000 block= 128 drums=playing  cold(alloc=0 free=0 lock=0) warm(alloc=0 free=0 lock=0 trylock=0 cond=0) 128 blocks 0.341 s  pb-wall 2.799 ms (21.7 us/blk, instrumented)  drums[active=128 voices=2] outRms=0.21158
      no-op frees=128 sites(offset): 0x14b30d (free(NULL) no-ops, not heap frees)
  [nam] model became active during the dry run (activation swap occurred inside a dry warm block; not separately isolated)
  [dry      ] rate=  48000 block= 512 drums=stopped  cold(alloc=0 free=0 lock=0) warm(alloc=0 free=0 lock=0 trylock=0 cond=0) 128 blocks 1.365 s  pb-wall 11.489 ms (89.1 us/blk, instrumented)  drums[active=0 voices=0] outRms=0.14232
  [dry+drums] rate=  48000 block= 512 drums=playing  cold(alloc=0 free=0 lock=0) warm(alloc=0 free=0 lock=0 trylock=0 cond=0) 128 blocks 1.365 s  pb-wall 11.719 ms (90.8 us/blk, instrumented)  drums[active=128 voices=10] outRms=0.19767
      no-op frees=128 sites(offset): 0x14b30d (free(NULL) no-ops, not heap frees)
  [dry      ] rate=  96000 block=  64 drums=stopped  cold(alloc=0 free=0 lock=0) warm(alloc=0 free=0 lock=0 trylock=0 cond=0) 128 blocks 0.085 s  pb-wall 1.268 ms (9.8 us/blk, instrumented)  drums[active=0 voices=0] outRms=0.14086
  [dry+drums] rate=  96000 block=  64 drums=playing  cold(alloc=0 free=0 lock=0) warm(alloc=0 free=0 lock=0 trylock=0 cond=0) 128 blocks 0.085 s  pb-wall 2.585 ms (20.0 us/blk, instrumented)  drums[active=128 voices=0] outRms=0.30935
      no-op frees=128 sites(offset): 0x14b30d (free(NULL) no-ops, not heap frees)
  [dry      ] rate=  96000 block= 128 drums=stopped  cold(alloc=0 free=0 lock=0) warm(alloc=0 free=0 lock=0 trylock=0 cond=0) 128 blocks 0.171 s  pb-wall 2.583 ms (20.0 us/blk, instrumented)  drums[active=0 voices=0] outRms=0.14278
  [dry+drums] rate=  96000 block= 128 drums=playing  cold(alloc=0 free=0 lock=0) warm(alloc=0 free=0 lock=0 trylock=0 cond=0) 128 blocks 0.171 s  pb-wall 2.722 ms (21.1 us/blk, instrumented)  drums[active=128 voices=0] outRms=0.25050
      no-op frees=128 sites(offset): 0x14b30d (free(NULL) no-ops, not heap frees)
  [dry      ] rate=  96000 block= 512 drums=stopped  cold(alloc=0 free=0 lock=0) warm(alloc=0 free=0 lock=0 trylock=0 cond=0) 128 blocks 0.683 s  pb-wall 9.701 ms (75.2 us/blk, instrumented)  drums[active=0 voices=0] outRms=0.14189
  [dry+drums] rate=  96000 block= 512 drums=playing  cold(alloc=0 free=0 lock=0) warm(alloc=0 free=0 lock=0 trylock=0 cond=0) 128 blocks 0.683 s  pb-wall 11.304 ms (87.6 us/blk, instrumented)  drums[active=128 voices=4] outRms=0.20719
      no-op frees=128 sites(offset): 0x14b30d (free(NULL) no-ops, not heap frees)

[nam] post-dry state: loaded=1 resampling=1 error=""
  [nam      ] rate=  48000 block= 128 drums=stopped  cold(alloc=0 free=0 lock=0) warm(alloc=0 free=0 lock=0 trylock=0 cond=0) 128 blocks 0.341 s  pb-wall 33.400 ms (258.9 us/blk, instrumented)  drums[active=0 voices=0] outRms=0.02071
  [nam+drums] rate=  48000 block= 128 drums=playing  cold(alloc=0 free=0 lock=0) warm(alloc=0 free=0 lock=0 trylock=0 cond=0) 128 blocks 0.341 s  pb-wall 33.770 ms (261.8 us/blk, instrumented)  drums[active=128 voices=2] outRms=0.14047
      no-op frees=128 sites(offset): 0x14b30d (free(NULL) no-ops, not heap frees)
  [nam      ] rate=  48000 block= 512 drums=stopped  cold(alloc=0 free=0 lock=0) warm(alloc=0 free=0 lock=0 trylock=0 cond=0) 128 blocks 1.365 s  pb-wall 138.734 ms (1075.5 us/blk, instrumented)  drums[active=0 voices=0] outRms=0.02085
  [nam+drums] rate=  48000 block= 512 drums=playing  cold(alloc=0 free=0 lock=0) warm(alloc=0 free=0 lock=0 trylock=0 cond=0) 128 blocks 1.365 s  pb-wall 135.960 ms (1054.0 us/blk, instrumented)  drums[active=128 voices=10] outRms=0.11988
      no-op frees=128 sites(offset): 0x14b30d (free(NULL) no-ops, not heap frees)
  [nam      ] rate=  96000 block= 128 drums=stopped  cold(alloc=0 free=0 lock=0) warm(alloc=0 free=0 lock=0 trylock=0 cond=0) 128 blocks 0.171 s  pb-wall 20.368 ms (157.9 us/blk, instrumented)  drums[active=0 voices=0] outRms=0.02118
  [nam+drums] rate=  96000 block= 128 drums=playing  cold(alloc=0 free=0 lock=0) warm(alloc=0 free=0 lock=0 trylock=0 cond=0) 128 blocks 0.171 s  pb-wall 20.455 ms (158.6 us/blk, instrumented)  drums[active=128 voices=0] outRms=0.19153
      no-op frees=128 sites(offset): 0x14b30d (free(NULL) no-ops, not heap frees)
  [nam      ] rate=  96000 block= 512 drums=stopped  cold(alloc=0 free=0 lock=0) warm(alloc=0 free=0 lock=0 trylock=0 cond=0) 128 blocks 0.683 s  pb-wall 75.670 ms (586.6 us/blk, instrumented)  drums[active=0 voices=0] outRms=0.02078
  [nam+drums] rate=  96000 block= 512 drums=playing  cold(alloc=0 free=0 lock=0) warm(alloc=0 free=0 lock=0 trylock=0 cond=0) 128 blocks 0.683 s  pb-wall 85.205 ms (660.5 us/blk, instrumented)  drums[active=128 voices=4] outRms=0.13217
      no-op frees=128 sites(offset): 0x14b30d (free(NULL) no-ops, not heap frees)

CSV written: /home/mojo/projects/worktrees/RT-005-nam-activations/docs/research/nam-activation-repair/runs/lstm_only/a2_slimmable_container/cases.csv

[totals across 26 measured cases]
  dry cases (of 18) nonzero : 0 (all zero)
  cold allocator calls      : 0
  warm allocator calls      : 0
  warm free calls           : 0
  warm no-op frees (nullptr): 1664
  warm lock/cond operations : 0
  cases with warm alloc/free: 0
  NAM measured              : yes
  scene restored via dispatch: yes (29.5 ms, bound 262 ms)
  editor created            : no
