EVAL-LIVE-001 actual-processor live-Jam replay (corrected)
=========================================================
source=/home/mojo/projects/build-INT-LIVE-001-integration/product-source
product=/home/mojo/projects/build-INT-LIVE-001-integration/product
scope=full cells=54 realtime=1

[instrument self-check]
  armed exact: new=2 new[]=2 del=1 del[]=2 del(sized)=1 malloc=1 calloc=1 realloc=1 free=2 lock=2 unlock=2 trylock=1 cond=1
  self-check PASS

  [disabled_r48000_b128_clean          ] cold(cxx=0 c=0 lock=0) warm(cxx=0 c=0 free=0 lock=0) 1500 blocks 0.04s fast ao=measured(delta_bad=0 back=0) rep(coalesced=0 skipped=0 future=0) new_receipts=34 repeat=0 rms=0.175385
  [disabled_r48000_b128_noise          ] cold(cxx=0 c=0 lock=0) warm(cxx=0 c=0 free=0 lock=0) 1500 blocks 0.03s fast ao=measured(delta_bad=0 back=0) rep(coalesced=0 skipped=0 future=0) new_receipts=29 repeat=0 rms=0.115492
  [disabled_r48000_b128_silence        ] cold(cxx=0 c=0 lock=0) warm(cxx=0 c=0 free=0 lock=0) 1500 blocks 0.03s fast ao=measured(delta_bad=0 back=0) rep(coalesced=0 skipped=0 future=0) new_receipts=31 repeat=0 rms=0.000000
  [enabled_r48000_b128_clean           ] cold(cxx=0 c=0 lock=0) warm(cxx=0 c=0 free=0 lock=0) 1500 blocks 4.00s rt ao=measured(delta_bad=0 back=0) rep(coalesced=29 skipped=29 future=0) new_receipts=1494 repeat=0 rms=0.175385
  [enabled_r48000_b128_noise           ] cold(cxx=0 c=0 lock=0) warm(cxx=0 c=0 free=0 lock=0) 1500 blocks 4.00s rt ao=measured(delta_bad=0 back=0) rep(coalesced=104 skipped=104 future=0) new_receipts=1484 repeat=1 rms=0.115492
  [enabled_r48000_b128_silence         ] cold(cxx=0 c=0 lock=0) warm(cxx=0 c=0 free=0 lock=0) 1500 blocks 4.00s rt ao=measured(delta_bad=0 back=0) rep(coalesced=78 skipped=78 future=0) new_receipts=1490 repeat=0 rms=0.000000
  [enabled_pressure_r48000_b128_clean  ] cold(cxx=0 c=0 lock=0) warm(cxx=0 c=0 free=0 lock=0) 1500 blocks 0.03s fast ao=measured(delta_bad=0 back=0) rep(coalesced=0 skipped=0 future=0) new_receipts=31 repeat=0 rms=0.175385
  [enabled_pressure_r48000_b128_noise  ] cold(cxx=0 c=0 lock=0) warm(cxx=0 c=0 free=0 lock=0) 1500 blocks 0.03s fast ao=measured(delta_bad=0 back=0) rep(coalesced=0 skipped=0 future=0) new_receipts=31 repeat=0 rms=0.115492
  [enabled_pressure_r48000_b128_silence] cold(cxx=0 c=0 lock=0) warm(cxx=0 c=0 free=0 lock=0) 1500 blocks 0.03s fast ao=measured(delta_bad=0 back=0) rep(coalesced=0 skipped=0 future=0) new_receipts=30 repeat=0 rms=0.000000
  [disabled_r48000_b512_clean          ] cold(cxx=0 c=0 lock=0) warm(cxx=0 c=0 free=0 lock=0) 375 blocks 0.03s fast ao=measured(delta_bad=0 back=0) rep(coalesced=0 skipped=0 future=0) new_receipts=30 repeat=0 rms=0.184912
  [disabled_r48000_b512_noise          ] cold(cxx=0 c=0 lock=0) warm(cxx=0 c=0 free=0 lock=0) 375 blocks 0.03s fast ao=measured(delta_bad=0 back=0) rep(coalesced=0 skipped=0 future=0) new_receipts=29 repeat=0 rms=0.115500
  [disabled_r48000_b512_silence        ] cold(cxx=0 c=0 lock=0) warm(cxx=0 c=0 free=0 lock=0) 375 blocks 0.03s fast ao=measured(delta_bad=0 back=0) rep(coalesced=0 skipped=0 future=0) new_receipts=30 repeat=0 rms=0.000000
  [enabled_r48000_b512_clean           ] cold(cxx=0 c=0 lock=0) warm(cxx=0 c=0 free=0 lock=0) 375 blocks 4.00s rt ao=measured(delta_bad=0 back=0) rep(coalesced=20 skipped=20 future=0) new_receipts=375 repeat=0 rms=0.184912
  [enabled_r48000_b512_noise           ] cold(cxx=0 c=0 lock=0) warm(cxx=0 c=0 free=0 lock=0) 375 blocks 4.00s rt ao=measured(delta_bad=0 back=0) rep(coalesced=11 skipped=11 future=0) new_receipts=373 repeat=0 rms=0.115500
  [enabled_r48000_b512_silence         ] cold(cxx=0 c=0 lock=0) warm(cxx=0 c=0 free=0 lock=0) 375 blocks 4.00s rt ao=measured(delta_bad=0 back=0) rep(coalesced=15 skipped=15 future=0) new_receipts=374 repeat=1 rms=0.000000
  [enabled_pressure_r48000_b512_clean  ] cold(cxx=0 c=0 lock=0) warm(cxx=0 c=0 free=0 lock=0) 375 blocks 0.03s fast ao=measured(delta_bad=0 back=0) rep(coalesced=0 skipped=0 future=0) new_receipts=30 repeat=0 rms=0.184912
  [enabled_pressure_r48000_b512_noise  ] cold(cxx=0 c=0 lock=0) warm(cxx=0 c=0 free=0 lock=0) 375 blocks 0.03s fast ao=measured(delta_bad=0 back=0) rep(coalesced=0 skipped=0 future=0) new_receipts=30 repeat=0 rms=0.115500
  [enabled_pressure_r48000_b512_silence] cold(cxx=0 c=0 lock=0) warm(cxx=0 c=0 free=0 lock=0) 375 blocks 0.03s fast ao=measured(delta_bad=0 back=0) rep(coalesced=0 skipped=0 future=0) new_receipts=30 repeat=0 rms=0.000000
  [disabled_r48000_b4096_clean         ] cold(cxx=0 c=0 lock=0) warm(cxx=0 c=0 free=0 lock=0) 47 blocks 0.03s fast ao=measured(delta_bad=0 back=0) rep(coalesced=0 skipped=0 future=0) new_receipts=29 repeat=0 rms=0.247380
  [disabled_r48000_b4096_noise         ] cold(cxx=0 c=0 lock=0) warm(cxx=0 c=0 free=0 lock=0) 47 blocks 0.03s fast ao=measured(delta_bad=0 back=0) rep(coalesced=0 skipped=0 future=0) new_receipts=27 repeat=0 rms=0.115499
  [disabled_r48000_b4096_silence       ] cold(cxx=0 c=0 lock=0) warm(cxx=0 c=0 free=0 lock=0) 47 blocks 0.03s fast ao=measured(delta_bad=0 back=0) rep(coalesced=0 skipped=0 future=0) new_receipts=22 repeat=0 rms=0.000000
  [enabled_r48000_b4096_clean          ] cold(cxx=0 c=0 lock=0) warm(cxx=0 c=0 free=0 lock=0) 47 blocks 4.01s rt ao=measured(delta_bad=0 back=0) rep(coalesced=11 skipped=11 future=0) new_receipts=47 repeat=0 rms=0.247380
  [enabled_r48000_b4096_noise          ] cold(cxx=0 c=0 lock=0) warm(cxx=0 c=0 free=0 lock=0) 47 blocks 4.01s rt ao=measured(delta_bad=0 back=0) rep(coalesced=10 skipped=10 future=0) new_receipts=47 repeat=0 rms=0.115499
  [enabled_r48000_b4096_silence        ] cold(cxx=0 c=0 lock=0) warm(cxx=0 c=0 free=0 lock=0) 47 blocks 4.01s rt ao=measured(delta_bad=0 back=0) rep(coalesced=8 skipped=8 future=0) new_receipts=47 repeat=0 rms=0.000000
  [enabled_pressure_r48000_b4096_clean ] cold(cxx=0 c=0 lock=0) warm(cxx=0 c=0 free=0 lock=0) 47 blocks 0.03s fast ao=measured(delta_bad=0 back=0) rep(coalesced=0 skipped=0 future=0) new_receipts=31 repeat=0 rms=0.247380
  [enabled_pressure_r48000_b4096_noise ] cold(cxx=0 c=0 lock=0) warm(cxx=0 c=0 free=0 lock=0) 47 blocks 0.03s fast ao=measured(delta_bad=0 back=0) rep(coalesced=0 skipped=0 future=0) new_receipts=30 repeat=0 rms=0.115499
  [enabled_pressure_r48000_b4096_silence] cold(cxx=0 c=0 lock=0) warm(cxx=0 c=0 free=0 lock=0) 47 blocks 0.03s fast ao=measured(delta_bad=0 back=0) rep(coalesced=0 skipped=0 future=0) new_receipts=29 repeat=0 rms=0.000000
  [disabled_r96000_b128_clean          ] cold(cxx=0 c=0 lock=0) warm(cxx=0 c=0 free=0 lock=0) 3000 blocks 0.07s fast ao=measured(delta_bad=0 back=0) rep(coalesced=0 skipped=0 future=0) new_receipts=63 repeat=0 rms=0.169262
  [disabled_r96000_b128_noise          ] cold(cxx=0 c=0 lock=0) warm(cxx=0 c=0 free=0 lock=0) 3000 blocks 0.07s fast ao=measured(delta_bad=0 back=0) rep(coalesced=0 skipped=0 future=0) new_receipts=62 repeat=0 rms=0.091328
  [disabled_r96000_b128_silence        ] cold(cxx=0 c=0 lock=0) warm(cxx=0 c=0 free=0 lock=0) 3000 blocks 0.07s fast ao=measured(delta_bad=0 back=0) rep(coalesced=0 skipped=0 future=0) new_receipts=62 repeat=0 rms=0.000000
  [enabled_r96000_b128_clean           ] cold(cxx=0 c=0 lock=0) warm(cxx=0 c=0 free=0 lock=0) 3000 blocks 4.00s rt ao=measured(delta_bad=0 back=0) rep(coalesced=71 skipped=71 future=0) new_receipts=2954 repeat=3 rms=0.169262
  [enabled_r96000_b128_noise           ] cold(cxx=0 c=0 lock=0) warm(cxx=0 c=0 free=0 lock=0) 3000 blocks 4.00s rt ao=measured(delta_bad=0 back=0) rep(coalesced=54 skipped=54 future=0) new_receipts=2960 repeat=2 rms=0.091328
  [enabled_r96000_b128_silence         ] cold(cxx=0 c=0 lock=0) warm(cxx=0 c=0 free=0 lock=0) 3000 blocks 4.00s rt ao=measured(delta_bad=0 back=0) rep(coalesced=55 skipped=55 future=0) new_receipts=2958 repeat=2 rms=0.000000
  [enabled_pressure_r96000_b128_clean  ] cold(cxx=0 c=0 lock=0) warm(cxx=0 c=0 free=0 lock=0) 3000 blocks 0.07s fast ao=measured(delta_bad=0 back=0) rep(coalesced=0 skipped=0 future=0) new_receipts=62 repeat=0 rms=0.169262
  [enabled_pressure_r96000_b128_noise  ] cold(cxx=0 c=0 lock=0) warm(cxx=0 c=0 free=0 lock=0) 3000 blocks 0.07s fast ao=measured(delta_bad=0 back=0) rep(coalesced=0 skipped=0 future=0) new_receipts=61 repeat=0 rms=0.091328
  [enabled_pressure_r96000_b128_silence] cold(cxx=0 c=0 lock=0) warm(cxx=0 c=0 free=0 lock=0) 3000 blocks 0.07s fast ao=measured(delta_bad=0 back=0) rep(coalesced=0 skipped=0 future=0) new_receipts=43 repeat=0 rms=0.000000
  [disabled_r96000_b512_clean          ] cold(cxx=0 c=0 lock=0) warm(cxx=0 c=0 free=0 lock=0) 750 blocks 0.07s fast ao=measured(delta_bad=0 back=0) rep(coalesced=0 skipped=0 future=0) new_receipts=58 repeat=0 rms=0.178661
  [disabled_r96000_b512_noise          ] cold(cxx=0 c=0 lock=0) warm(cxx=0 c=0 free=0 lock=0) 750 blocks 0.07s fast ao=measured(delta_bad=0 back=0) rep(coalesced=0 skipped=0 future=0) new_receipts=60 repeat=0 rms=0.091352
  [disabled_r96000_b512_silence        ] cold(cxx=0 c=0 lock=0) warm(cxx=0 c=0 free=0 lock=0) 750 blocks 0.07s fast ao=measured(delta_bad=0 back=0) rep(coalesced=0 skipped=0 future=0) new_receipts=60 repeat=0 rms=0.000000
  [enabled_r96000_b512_clean           ] cold(cxx=0 c=0 lock=0) warm(cxx=0 c=0 free=0 lock=0) 750 blocks 4.00s rt ao=measured(delta_bad=0 back=0) rep(coalesced=16 skipped=16 future=0) new_receipts=746 repeat=1 rms=0.178661
  [enabled_r96000_b512_noise           ] cold(cxx=0 c=0 lock=0) warm(cxx=0 c=0 free=0 lock=0) 750 blocks 4.00s rt ao=measured(delta_bad=0 back=0) rep(coalesced=11 skipped=11 future=0) new_receipts=750 repeat=0 rms=0.091352
  [enabled_r96000_b512_silence         ] cold(cxx=0 c=0 lock=0) warm(cxx=0 c=0 free=0 lock=0) 750 blocks 4.00s rt ao=measured(delta_bad=0 back=0) rep(coalesced=18 skipped=18 future=0) new_receipts=750 repeat=0 rms=0.000000
  [enabled_pressure_r96000_b512_clean  ] cold(cxx=0 c=0 lock=0) warm(cxx=0 c=0 free=0 lock=0) 750 blocks 0.06s fast ao=measured(delta_bad=0 back=0) rep(coalesced=0 skipped=0 future=0) new_receipts=60 repeat=0 rms=0.178661
  [enabled_pressure_r96000_b512_noise  ] cold(cxx=0 c=0 lock=0) warm(cxx=0 c=0 free=0 lock=0) 750 blocks 0.07s fast ao=measured(delta_bad=0 back=0) rep(coalesced=0 skipped=0 future=0) new_receipts=61 repeat=0 rms=0.091352
  [enabled_pressure_r96000_b512_silence] cold(cxx=0 c=0 lock=0) warm(cxx=0 c=0 free=0 lock=0) 750 blocks 0.06s fast ao=measured(delta_bad=0 back=0) rep(coalesced=0 skipped=0 future=0) new_receipts=58 repeat=0 rms=0.000000
  [disabled_r96000_b4096_clean         ] cold(cxx=0 c=0 lock=0) warm(cxx=0 c=0 free=0 lock=0) 94 blocks 0.07s fast ao=measured(delta_bad=0 back=0) rep(coalesced=1 skipped=1 future=0) new_receipts=41 repeat=0 rms=0.218888
  [disabled_r96000_b4096_noise         ] cold(cxx=0 c=0 lock=0) warm(cxx=0 c=0 free=0 lock=0) 94 blocks 0.07s fast ao=measured(delta_bad=0 back=0) rep(coalesced=0 skipped=0 future=0) new_receipts=57 repeat=0 rms=0.091353
  [disabled_r96000_b4096_silence       ] cold(cxx=0 c=0 lock=0) warm(cxx=0 c=0 free=0 lock=0) 94 blocks 0.07s fast ao=measured(delta_bad=0 back=0) rep(coalesced=0 skipped=0 future=0) new_receipts=60 repeat=0 rms=0.000000
  [enabled_r96000_b4096_clean          ] cold(cxx=0 c=0 lock=0) warm(cxx=0 c=0 free=0 lock=0) 94 blocks 4.01s rt ao=measured(delta_bad=0 back=0) rep(coalesced=13 skipped=13 future=0) new_receipts=94 repeat=0 rms=0.218888
  [enabled_r96000_b4096_noise          ] cold(cxx=0 c=0 lock=0) warm(cxx=0 c=0 free=0 lock=0) 94 blocks 4.01s rt ao=measured(delta_bad=0 back=0) rep(coalesced=11 skipped=11 future=0) new_receipts=93 repeat=1 rms=0.091353
  [enabled_r96000_b4096_silence        ] cold(cxx=0 c=0 lock=0) warm(cxx=0 c=0 free=0 lock=0) 94 blocks 4.01s rt ao=measured(delta_bad=0 back=0) rep(coalesced=6 skipped=6 future=0) new_receipts=93 repeat=1 rms=0.000000
  [enabled_pressure_r96000_b4096_clean ] cold(cxx=0 c=0 lock=0) warm(cxx=0 c=0 free=0 lock=0) 94 blocks 0.07s fast ao=measured(delta_bad=0 back=0) rep(coalesced=0 skipped=0 future=0) new_receipts=60 repeat=0 rms=0.218888
  [enabled_pressure_r96000_b4096_noise ] cold(cxx=0 c=0 lock=0) warm(cxx=0 c=0 free=0 lock=0) 94 blocks 0.07s fast ao=measured(delta_bad=0 back=0) rep(coalesced=0 skipped=0 future=0) new_receipts=60 repeat=0 rms=0.091353
  [enabled_pressure_r96000_b4096_silence] cold(cxx=0 c=0 lock=0) warm(cxx=0 c=0 free=0 lock=0) 94 blocks 0.07s fast ao=measured(delta_bad=0 back=0) rep(coalesced=0 skipped=0 future=0) new_receipts=59 repeat=0 rms=0.000000

[supplemental scenarios]
  scenario[default_clean_long] start=1 join=1 blocks_to_join=753 16.0s
  scenario[injected_join_stop_resync] firstJoin=0 secondJoin=1 steps=16 stopNextDeferred=0 stopNow=1 resyncEffect=1 genChanged=1 released=1 shut=1 12.0s

cells.json: /home/mojo/projects/build-EVAL-LIVE-001-integration/actual-full-002/cells.json (scope=full cells=54 measured=54 findings=0)
