RT-002 processor runtime probe
==============================
mode=full warm blocks per case=128

[instrument self-check]
  armed exact: new=2 new[]=2 del=1 del[]=2 del(sized)=1 malloc=1 calloc=1 realloc=1 free=2 lock=2 unlock=2 trylock=1 cond=1
  self-check PASS (gate + exact new/delete/malloc/lock detection)

[scene flag -> processor Timer via genuine JUCE message loop]
  scene[audio]: saved=0.000000 changed=-16.799999 before=-16.799999 after=0.000000 restored=1 restore@29.5 ms (loop@29.2 ms) dispatch=100.0 ms
  scene[audio]: blocks=11 signal(alloc=0 free=0 lock=0 trylock=0 cond=0 unlock=0) stopBefore=0 stopAfter=1 dispatchInBound=1 editorNull=1

[nam] requesting async load: /home/mojo/projects/guitars/third_party/NeuralAmpModelerCore/example_models/lstm.nam
[dry/built-in chain: rates x block sizes x drums]
  [dry      ] rate=  44100 block=  64 drums=stopped  cold(alloc=0 free=0 lock=0) warm(alloc=0 free=0 lock=0 trylock=0 cond=0) 128 blocks 0.186 s  pb-wall 1.484 ms (11.5 us/blk, instrumented)  drums[active=0 voices=0] outRms=0.14093
  [dry+drums] rate=  44100 block=  64 drums=playing  cold(alloc=0 free=0 lock=0) warm(alloc=0 free=0 lock=0 trylock=0 cond=0) 128 blocks 0.186 s  pb-wall 1.395 ms (10.8 us/blk, instrumented)  drums[active=128 voices=0] outRms=0.24163
      no-op frees=128 sites(offset): 0x14b34d (free(NULL) no-ops, not heap frees)
  [dry      ] rate=  44100 block= 128 drums=stopped  cold(alloc=0 free=0 lock=0) warm(alloc=0 free=0 lock=0 trylock=0 cond=0) 128 blocks 0.372 s  pb-wall 2.702 ms (20.9 us/blk, instrumented)  drums[active=0 voices=0] outRms=0.14167
  [dry+drums] rate=  44100 block= 128 drums=playing  cold(alloc=0 free=0 lock=0) warm(alloc=0 free=0 lock=0 trylock=0 cond=0) 128 blocks 0.372 s  pb-wall 2.778 ms (21.5 us/blk, instrumented)  drums[active=128 voices=2] outRms=0.20636
      no-op frees=128 sites(offset): 0x14b34d (free(NULL) no-ops, not heap frees)
  [dry      ] rate=  44100 block= 512 drums=stopped  cold(alloc=0 free=0 lock=0) warm(alloc=0 free=0 lock=0 trylock=0 cond=0) 128 blocks 1.486 s  pb-wall 10.247 ms (79.4 us/blk, instrumented)  drums[active=0 voices=0] outRms=0.14181
  [dry+drums] rate=  44100 block= 512 drums=playing  cold(alloc=0 free=0 lock=0) warm(alloc=0 free=0 lock=0 trylock=0 cond=0) 128 blocks 1.486 s  pb-wall 11.032 ms (85.5 us/blk, instrumented)  drums[active=128 voices=10] outRms=0.19194
      no-op frees=128 sites(offset): 0x14b34d (free(NULL) no-ops, not heap frees)
  [nam] model became active during the dry run (activation swap occurred inside a dry warm block; not separately isolated)
  [dry      ] rate=  48000 block=  64 drums=stopped  cold(alloc=0 free=0 lock=0) warm(alloc=0 free=0 lock=0 trylock=0 cond=0) 128 blocks 0.171 s  pb-wall 1.267 ms (9.8 us/blk, instrumented)  drums[active=0 voices=0] outRms=0.13979
  [dry+drums] rate=  48000 block=  64 drums=playing  cold(alloc=0 free=0 lock=0) warm(alloc=0 free=0 lock=0 trylock=0 cond=0) 128 blocks 0.171 s  pb-wall 1.399 ms (10.8 us/blk, instrumented)  drums[active=128 voices=0] outRms=0.25066
      no-op frees=128 sites(offset): 0x14b34d (free(NULL) no-ops, not heap frees)
  [dry      ] rate=  48000 block= 128 drums=stopped  cold(alloc=0 free=0 lock=0) warm(alloc=0 free=0 lock=0 trylock=0 cond=0) 128 blocks 0.341 s  pb-wall 2.474 ms (19.2 us/blk, instrumented)  drums[active=0 voices=0] outRms=0.14266
  [dry+drums] rate=  48000 block= 128 drums=playing  cold(alloc=0 free=0 lock=0) warm(alloc=0 free=0 lock=0 trylock=0 cond=0) 128 blocks 0.341 s  pb-wall 2.755 ms (21.4 us/blk, instrumented)  drums[active=128 voices=2] outRms=0.21158
      no-op frees=128 sites(offset): 0x14b34d (free(NULL) no-ops, not heap frees)
  [dry      ] rate=  48000 block= 512 drums=stopped  cold(alloc=0 free=0 lock=0) warm(alloc=0 free=0 lock=0 trylock=0 cond=0) 128 blocks 1.365 s  pb-wall 9.402 ms (72.9 us/blk, instrumented)  drums[active=0 voices=0] outRms=0.14232
  [dry+drums] rate=  48000 block= 512 drums=playing  cold(alloc=0 free=0 lock=0) warm(alloc=0 free=0 lock=0 trylock=0 cond=0) 128 blocks 1.365 s  pb-wall 11.051 ms (85.7 us/blk, instrumented)  drums[active=128 voices=10] outRms=0.19767
      no-op frees=128 sites(offset): 0x14b34d (free(NULL) no-ops, not heap frees)
  [dry      ] rate=  96000 block=  64 drums=stopped  cold(alloc=0 free=0 lock=0) warm(alloc=0 free=0 lock=0 trylock=0 cond=0) 128 blocks 0.085 s  pb-wall 1.268 ms (9.8 us/blk, instrumented)  drums[active=0 voices=0] outRms=0.14086
  [dry+drums] rate=  96000 block=  64 drums=playing  cold(alloc=0 free=0 lock=0) warm(alloc=0 free=0 lock=0 trylock=0 cond=0) 128 blocks 0.085 s  pb-wall 1.400 ms (10.9 us/blk, instrumented)  drums[active=128 voices=0] outRms=0.30935
      no-op frees=128 sites(offset): 0x14b34d (free(NULL) no-ops, not heap frees)
  [dry      ] rate=  96000 block= 128 drums=stopped  cold(alloc=0 free=0 lock=0) warm(alloc=0 free=0 lock=0 trylock=0 cond=0) 128 blocks 0.171 s  pb-wall 2.436 ms (18.9 us/blk, instrumented)  drums[active=0 voices=0] outRms=0.14278
  [dry+drums] rate=  96000 block= 128 drums=playing  cold(alloc=0 free=0 lock=0) warm(alloc=0 free=0 lock=0 trylock=0 cond=0) 128 blocks 0.171 s  pb-wall 2.752 ms (21.3 us/blk, instrumented)  drums[active=128 voices=0] outRms=0.25050
      no-op frees=128 sites(offset): 0x14b34d (free(NULL) no-ops, not heap frees)
  [dry      ] rate=  96000 block= 512 drums=stopped  cold(alloc=0 free=0 lock=0) warm(alloc=0 free=0 lock=0 trylock=0 cond=0) 128 blocks 0.683 s  pb-wall 9.565 ms (74.2 us/blk, instrumented)  drums[active=0 voices=0] outRms=0.14189
  [dry+drums] rate=  96000 block= 512 drums=playing  cold(alloc=0 free=0 lock=0) warm(alloc=0 free=0 lock=0 trylock=0 cond=0) 128 blocks 0.683 s  pb-wall 10.833 ms (84.0 us/blk, instrumented)  drums[active=128 voices=4] outRms=0.20719
      no-op frees=128 sites(offset): 0x14b34d (free(NULL) no-ops, not heap frees)

[nam] post-dry state: loaded=1 resampling=1 error=""
      cold #0 c:calloc bytes=48 ptr=0x55643e2e60e0 caller_vaddr=0x92c690
      cold #1 c:free bytes=0 ptr=0x55643e2e60e0 caller_vaddr=0x92c916
      cold #2 c:malloc bytes=12 ptr=0x55643e4007b0 caller_vaddr=0x92de0d
      cold #3 c:free bytes=0 ptr=0x55643e4007b0 caller_vaddr=0x92e43f
      cold #4 c:calloc bytes=48 ptr=0x55643e2e60e0 caller_vaddr=0x92c690
      cold #5 c:free bytes=0 ptr=0x55643e2e60e0 caller_vaddr=0x92c916
      cold #6 c:malloc bytes=12 ptr=0x55643e4007b0 caller_vaddr=0x92de0d
      cold #7 c:free bytes=0 ptr=0x55643e4007b0 caller_vaddr=0x92e43f
      cold #8 c:calloc bytes=48 ptr=0x55643e2e60e0 caller_vaddr=0x92c690
      cold #9 c:free bytes=0 ptr=0x55643e2e60e0 caller_vaddr=0x92c916
      cold #10 c:malloc bytes=12 ptr=0x55643e4007b0 caller_vaddr=0x92de0d
      cold #11 c:free bytes=0 ptr=0x55643e4007b0 caller_vaddr=0x92e43f
      cold #12 c:calloc bytes=48 ptr=0x55643e2e60e0 caller_vaddr=0x92c690
      cold #13 c:free bytes=0 ptr=0x55643e2e60e0 caller_vaddr=0x92c916
      cold #14 c:malloc bytes=12 ptr=0x55643e4007b0 caller_vaddr=0x92de0d
      cold #15 c:free bytes=0 ptr=0x55643e4007b0 caller_vaddr=0x92e43f
      cold: ... 496 more records suppressed
      warm #0 c:calloc bytes=48 ptr=0x55643e2e60e0 caller_vaddr=0x92c690
      warm #1 c:free bytes=0 ptr=0x55643e2e60e0 caller_vaddr=0x92c916
      warm #2 c:malloc bytes=12 ptr=0x55643e4007b0 caller_vaddr=0x92de0d
      warm #3 c:free bytes=0 ptr=0x55643e4007b0 caller_vaddr=0x92e43f
      warm #4 c:calloc bytes=48 ptr=0x55643e2e60e0 caller_vaddr=0x92c690
      warm #5 c:free bytes=0 ptr=0x55643e2e60e0 caller_vaddr=0x92c916
      warm #6 c:malloc bytes=12 ptr=0x55643e4007b0 caller_vaddr=0x92de0d
      warm #7 c:free bytes=0 ptr=0x55643e4007b0 caller_vaddr=0x92e43f
      warm #8 c:calloc bytes=48 ptr=0x55643e2e60e0 caller_vaddr=0x92c690
      warm #9 c:free bytes=0 ptr=0x55643e2e60e0 caller_vaddr=0x92c916
      warm #10 c:malloc bytes=12 ptr=0x55643e4007b0 caller_vaddr=0x92de0d
      warm #11 c:free bytes=0 ptr=0x55643e4007b0 caller_vaddr=0x92e43f
      warm #12 c:calloc bytes=48 ptr=0x55643e2e60e0 caller_vaddr=0x92c690
      warm #13 c:free bytes=0 ptr=0x55643e2e60e0 caller_vaddr=0x92c916
      warm #14 c:malloc bytes=12 ptr=0x55643e4007b0 caller_vaddr=0x92de0d
      warm #15 c:free bytes=0 ptr=0x55643e4007b0 caller_vaddr=0x92e43f
      warm: ... 65520 more records suppressed
  [nam      ] rate=  48000 block= 128 drums=stopped  cold(alloc=256 free=256 lock=0) warm(alloc=32768 free=32768 lock=0 trylock=0 cond=0) 128 blocks 0.341 s  pb-wall 6.279 ms (48.7 us/blk, instrumented)  drums[active=0 voices=0] outRms=0.00862
      cold #0 c:calloc bytes=48 ptr=0x55643e2e69e0 caller_vaddr=0x92c690
      cold #1 c:free bytes=0 ptr=0x55643e2e69e0 caller_vaddr=0x92c916
      cold #2 c:malloc bytes=12 ptr=0x55643e3ffef0 caller_vaddr=0x92de0d
      cold #3 c:free bytes=0 ptr=0x55643e3ffef0 caller_vaddr=0x92e43f
      cold #4 c:calloc bytes=48 ptr=0x55643e2e69e0 caller_vaddr=0x92c690
      cold #5 c:free bytes=0 ptr=0x55643e2e69e0 caller_vaddr=0x92c916
      cold #6 c:malloc bytes=12 ptr=0x55643e3ffef0 caller_vaddr=0x92de0d
      cold #7 c:free bytes=0 ptr=0x55643e3ffef0 caller_vaddr=0x92e43f
      cold #8 c:calloc bytes=48 ptr=0x55643e2e69e0 caller_vaddr=0x92c690
      cold #9 c:free bytes=0 ptr=0x55643e2e69e0 caller_vaddr=0x92c916
      cold #10 c:malloc bytes=12 ptr=0x55643e3ffef0 caller_vaddr=0x92de0d
      cold #11 c:free bytes=0 ptr=0x55643e3ffef0 caller_vaddr=0x92e43f
      cold #12 c:calloc bytes=48 ptr=0x55643e2e69e0 caller_vaddr=0x92c690
      cold #13 c:free bytes=0 ptr=0x55643e2e69e0 caller_vaddr=0x92c916
      cold #14 c:malloc bytes=12 ptr=0x55643e3ffef0 caller_vaddr=0x92de0d
      cold #15 c:free bytes=0 ptr=0x55643e3ffef0 caller_vaddr=0x92e43f
      cold: ... 496 more records suppressed
      warm #0 c:calloc bytes=48 ptr=0x55643e2e69e0 caller_vaddr=0x92c690
      warm #1 c:free bytes=0 ptr=0x55643e2e69e0 caller_vaddr=0x92c916
      warm #2 c:malloc bytes=12 ptr=0x55643e3ffef0 caller_vaddr=0x92de0d
      warm #3 c:free bytes=0 ptr=0x55643e3ffef0 caller_vaddr=0x92e43f
      warm #4 c:calloc bytes=48 ptr=0x55643e2e69e0 caller_vaddr=0x92c690
      warm #5 c:free bytes=0 ptr=0x55643e2e69e0 caller_vaddr=0x92c916
      warm #6 c:malloc bytes=12 ptr=0x55643e3ffef0 caller_vaddr=0x92de0d
      warm #7 c:free bytes=0 ptr=0x55643e3ffef0 caller_vaddr=0x92e43f
      warm #8 c:calloc bytes=48 ptr=0x55643e2e69e0 caller_vaddr=0x92c690
      warm #9 c:free bytes=0 ptr=0x55643e2e69e0 caller_vaddr=0x92c916
      warm #10 c:malloc bytes=12 ptr=0x55643e3ffef0 caller_vaddr=0x92de0d
      warm #11 c:free bytes=0 ptr=0x55643e3ffef0 caller_vaddr=0x92e43f
      warm #12 c:calloc bytes=48 ptr=0x55643e2e69e0 caller_vaddr=0x92c690
      warm #13 c:free bytes=0 ptr=0x55643e2e69e0 caller_vaddr=0x92c916
      warm #14 c:malloc bytes=12 ptr=0x55643e3ffef0 caller_vaddr=0x92de0d
      warm #15 c:free bytes=0 ptr=0x55643e3ffef0 caller_vaddr=0x92e43f
      warm: ... 65520 more records suppressed
  [nam+drums] rate=  48000 block= 128 drums=playing  cold(alloc=256 free=256 lock=0) warm(alloc=32768 free=32768 lock=0 trylock=0 cond=0) 128 blocks 0.341 s  pb-wall 5.988 ms (46.4 us/blk, instrumented)  drums[active=128 voices=2] outRms=0.13791
      no-op frees=128 sites(offset): 0x14b34d (free(NULL) no-ops, not heap frees)
      cold #0 c:calloc bytes=48 ptr=0x55643e3bf0f0 caller_vaddr=0x92c690
      cold #1 c:free bytes=0 ptr=0x55643e3bf0f0 caller_vaddr=0x92c916
      cold #2 c:malloc bytes=12 ptr=0x55643e3ff770 caller_vaddr=0x92de0d
      cold #3 c:free bytes=0 ptr=0x55643e3ff770 caller_vaddr=0x92e43f
      cold #4 c:calloc bytes=48 ptr=0x55643e3bf0f0 caller_vaddr=0x92c690
      cold #5 c:free bytes=0 ptr=0x55643e3bf0f0 caller_vaddr=0x92c916
      cold #6 c:malloc bytes=12 ptr=0x55643e3ff770 caller_vaddr=0x92de0d
      cold #7 c:free bytes=0 ptr=0x55643e3ff770 caller_vaddr=0x92e43f
      cold #8 c:calloc bytes=48 ptr=0x55643e3bf0f0 caller_vaddr=0x92c690
      cold #9 c:free bytes=0 ptr=0x55643e3bf0f0 caller_vaddr=0x92c916
      cold #10 c:malloc bytes=12 ptr=0x55643e3ff770 caller_vaddr=0x92de0d
      cold #11 c:free bytes=0 ptr=0x55643e3ff770 caller_vaddr=0x92e43f
      cold #12 c:calloc bytes=48 ptr=0x55643e3bf0f0 caller_vaddr=0x92c690
      cold #13 c:free bytes=0 ptr=0x55643e3bf0f0 caller_vaddr=0x92c916
      cold #14 c:malloc bytes=12 ptr=0x55643e3ff770 caller_vaddr=0x92de0d
      cold #15 c:free bytes=0 ptr=0x55643e3ff770 caller_vaddr=0x92e43f
      cold: ... 2032 more records suppressed
      warm #0 c:calloc bytes=48 ptr=0x55643e3bf0f0 caller_vaddr=0x92c690
      warm #1 c:free bytes=0 ptr=0x55643e3bf0f0 caller_vaddr=0x92c916
      warm #2 c:malloc bytes=12 ptr=0x55643e3ff770 caller_vaddr=0x92de0d
      warm #3 c:free bytes=0 ptr=0x55643e3ff770 caller_vaddr=0x92e43f
      warm #4 c:calloc bytes=48 ptr=0x55643e3bf0f0 caller_vaddr=0x92c690
      warm #5 c:free bytes=0 ptr=0x55643e3bf0f0 caller_vaddr=0x92c916
      warm #6 c:malloc bytes=12 ptr=0x55643e3ff770 caller_vaddr=0x92de0d
      warm #7 c:free bytes=0 ptr=0x55643e3ff770 caller_vaddr=0x92e43f
      warm #8 c:calloc bytes=48 ptr=0x55643e3bf0f0 caller_vaddr=0x92c690
      warm #9 c:free bytes=0 ptr=0x55643e3bf0f0 caller_vaddr=0x92c916
      warm #10 c:malloc bytes=12 ptr=0x55643e3ff770 caller_vaddr=0x92de0d
      warm #11 c:free bytes=0 ptr=0x55643e3ff770 caller_vaddr=0x92e43f
      warm #12 c:calloc bytes=48 ptr=0x55643e3bf0f0 caller_vaddr=0x92c690
      warm #13 c:free bytes=0 ptr=0x55643e3bf0f0 caller_vaddr=0x92c916
      warm #14 c:malloc bytes=12 ptr=0x55643e3ff770 caller_vaddr=0x92de0d
      warm #15 c:free bytes=0 ptr=0x55643e3ff770 caller_vaddr=0x92e43f
      warm: ... 65520 more records suppressed
      warm: +196608 records beyond fixed capacity (overflow)
  [nam      ] rate=  48000 block= 512 drums=stopped  cold(alloc=1024 free=1024 lock=0) warm(alloc=131072 free=131072 lock=0 trylock=0 cond=0) 128 blocks 1.365 s  pb-wall 23.075 ms (178.9 us/blk, instrumented)  drums[active=0 voices=0] outRms=0.00861
      cold #0 c:calloc bytes=48 ptr=0x55643e2e60e0 caller_vaddr=0x92c690
      cold #1 c:free bytes=0 ptr=0x55643e2e60e0 caller_vaddr=0x92c916
      cold #2 c:malloc bytes=12 ptr=0x55643e3feec0 caller_vaddr=0x92de0d
      cold #3 c:free bytes=0 ptr=0x55643e3feec0 caller_vaddr=0x92e43f
      cold #4 c:calloc bytes=48 ptr=0x55643e2e60e0 caller_vaddr=0x92c690
      cold #5 c:free bytes=0 ptr=0x55643e2e60e0 caller_vaddr=0x92c916
      cold #6 c:malloc bytes=12 ptr=0x55643e3feec0 caller_vaddr=0x92de0d
      cold #7 c:free bytes=0 ptr=0x55643e3feec0 caller_vaddr=0x92e43f
      cold #8 c:calloc bytes=48 ptr=0x55643e2e60e0 caller_vaddr=0x92c690
      cold #9 c:free bytes=0 ptr=0x55643e2e60e0 caller_vaddr=0x92c916
      cold #10 c:malloc bytes=12 ptr=0x55643e3feec0 caller_vaddr=0x92de0d
      cold #11 c:free bytes=0 ptr=0x55643e3feec0 caller_vaddr=0x92e43f
      cold #12 c:calloc bytes=48 ptr=0x55643e2e60e0 caller_vaddr=0x92c690
      cold #13 c:free bytes=0 ptr=0x55643e2e60e0 caller_vaddr=0x92c916
      cold #14 c:malloc bytes=12 ptr=0x55643e3feec0 caller_vaddr=0x92de0d
      cold #15 c:free bytes=0 ptr=0x55643e3feec0 caller_vaddr=0x92e43f
      cold: ... 2032 more records suppressed
      warm #0 c:calloc bytes=48 ptr=0x55643e2e60e0 caller_vaddr=0x92c690
      warm #1 c:free bytes=0 ptr=0x55643e2e60e0 caller_vaddr=0x92c916
      warm #2 c:malloc bytes=12 ptr=0x55643e3feec0 caller_vaddr=0x92de0d
      warm #3 c:free bytes=0 ptr=0x55643e3feec0 caller_vaddr=0x92e43f
      warm #4 c:calloc bytes=48 ptr=0x55643e2e60e0 caller_vaddr=0x92c690
      warm #5 c:free bytes=0 ptr=0x55643e2e60e0 caller_vaddr=0x92c916
      warm #6 c:malloc bytes=12 ptr=0x55643e3feec0 caller_vaddr=0x92de0d
      warm #7 c:free bytes=0 ptr=0x55643e3feec0 caller_vaddr=0x92e43f
      warm #8 c:calloc bytes=48 ptr=0x55643e2e60e0 caller_vaddr=0x92c690
      warm #9 c:free bytes=0 ptr=0x55643e2e60e0 caller_vaddr=0x92c916
      warm #10 c:malloc bytes=12 ptr=0x55643e3feec0 caller_vaddr=0x92de0d
      warm #11 c:free bytes=0 ptr=0x55643e3feec0 caller_vaddr=0x92e43f
      warm #12 c:calloc bytes=48 ptr=0x55643e2e60e0 caller_vaddr=0x92c690
      warm #13 c:free bytes=0 ptr=0x55643e2e60e0 caller_vaddr=0x92c916
      warm #14 c:malloc bytes=12 ptr=0x55643e3feec0 caller_vaddr=0x92de0d
      warm #15 c:free bytes=0 ptr=0x55643e3feec0 caller_vaddr=0x92e43f
      warm: ... 65520 more records suppressed
      warm: +196608 records beyond fixed capacity (overflow)
  [nam+drums] rate=  48000 block= 512 drums=playing  cold(alloc=1024 free=1024 lock=0) warm(alloc=131072 free=131072 lock=0 trylock=0 cond=0) 128 blocks 1.365 s  pb-wall 25.002 ms (193.8 us/blk, instrumented)  drums[active=128 voices=10] outRms=0.11609
      no-op frees=128 sites(offset): 0x14b34d (free(NULL) no-ops, not heap frees)
      cold #0 c:calloc bytes=48 ptr=0x55643e2e69e0 caller_vaddr=0x92c690
      cold #1 c:free bytes=0 ptr=0x55643e2e69e0 caller_vaddr=0x92c916
      cold #2 c:malloc bytes=12 ptr=0x55643e40c6d0 caller_vaddr=0x92de0d
      cold #3 c:free bytes=0 ptr=0x55643e40c6d0 caller_vaddr=0x92e43f
      cold #4 c:calloc bytes=48 ptr=0x55643e2e69e0 caller_vaddr=0x92c690
      cold #5 c:free bytes=0 ptr=0x55643e2e69e0 caller_vaddr=0x92c916
      cold #6 c:malloc bytes=12 ptr=0x55643e40c6d0 caller_vaddr=0x92de0d
      cold #7 c:free bytes=0 ptr=0x55643e40c6d0 caller_vaddr=0x92e43f
      cold #8 c:calloc bytes=48 ptr=0x55643e2e69e0 caller_vaddr=0x92c690
      cold #9 c:free bytes=0 ptr=0x55643e2e69e0 caller_vaddr=0x92c916
      cold #10 c:malloc bytes=12 ptr=0x55643e40c6d0 caller_vaddr=0x92de0d
      cold #11 c:free bytes=0 ptr=0x55643e40c6d0 caller_vaddr=0x92e43f
      cold #12 c:calloc bytes=48 ptr=0x55643e2e69e0 caller_vaddr=0x92c690
      cold #13 c:free bytes=0 ptr=0x55643e2e69e0 caller_vaddr=0x92c916
      cold #14 c:malloc bytes=12 ptr=0x55643e40c6d0 caller_vaddr=0x92de0d
      cold #15 c:free bytes=0 ptr=0x55643e40c6d0 caller_vaddr=0x92e43f
      cold: ... 240 more records suppressed
      warm #0 c:calloc bytes=48 ptr=0x55643e2e69e0 caller_vaddr=0x92c690
      warm #1 c:free bytes=0 ptr=0x55643e2e69e0 caller_vaddr=0x92c916
      warm #2 c:malloc bytes=12 ptr=0x55643e40c6d0 caller_vaddr=0x92de0d
      warm #3 c:free bytes=0 ptr=0x55643e40c6d0 caller_vaddr=0x92e43f
      warm #4 c:calloc bytes=48 ptr=0x55643e2e69e0 caller_vaddr=0x92c690
      warm #5 c:free bytes=0 ptr=0x55643e2e69e0 caller_vaddr=0x92c916
      warm #6 c:malloc bytes=12 ptr=0x55643e40c6d0 caller_vaddr=0x92de0d
      warm #7 c:free bytes=0 ptr=0x55643e40c6d0 caller_vaddr=0x92e43f
      warm #8 c:calloc bytes=48 ptr=0x55643e2e69e0 caller_vaddr=0x92c690
      warm #9 c:free bytes=0 ptr=0x55643e2e69e0 caller_vaddr=0x92c916
      warm #10 c:malloc bytes=12 ptr=0x55643e40c6d0 caller_vaddr=0x92de0d
      warm #11 c:free bytes=0 ptr=0x55643e40c6d0 caller_vaddr=0x92e43f
      warm #12 c:calloc bytes=48 ptr=0x55643e2e69e0 caller_vaddr=0x92c690
      warm #13 c:free bytes=0 ptr=0x55643e2e69e0 caller_vaddr=0x92c916
      warm #14 c:malloc bytes=12 ptr=0x55643e40c6d0 caller_vaddr=0x92de0d
      warm #15 c:free bytes=0 ptr=0x55643e40c6d0 caller_vaddr=0x92e43f
      warm: ... 32752 more records suppressed
  [nam      ] rate=  96000 block= 128 drums=stopped  cold(alloc=128 free=128 lock=0) warm(alloc=16384 free=16384 lock=0 trylock=0 cond=0) 128 blocks 0.171 s  pb-wall 5.742 ms (44.5 us/blk, instrumented)  drums[active=0 voices=0] outRms=0.00861
      cold #0 c:calloc bytes=48 ptr=0x55643e3bf0f0 caller_vaddr=0x92c690
      cold #1 c:free bytes=0 ptr=0x55643e3bf0f0 caller_vaddr=0x92c916
      cold #2 c:malloc bytes=12 ptr=0x55643e3fe910 caller_vaddr=0x92de0d
      cold #3 c:free bytes=0 ptr=0x55643e3fe910 caller_vaddr=0x92e43f
      cold #4 c:calloc bytes=48 ptr=0x55643e3bf0f0 caller_vaddr=0x92c690
      cold #5 c:free bytes=0 ptr=0x55643e3bf0f0 caller_vaddr=0x92c916
      cold #6 c:malloc bytes=12 ptr=0x55643e3fe910 caller_vaddr=0x92de0d
      cold #7 c:free bytes=0 ptr=0x55643e3fe910 caller_vaddr=0x92e43f
      cold #8 c:calloc bytes=48 ptr=0x55643e3bf0f0 caller_vaddr=0x92c690
      cold #9 c:free bytes=0 ptr=0x55643e3bf0f0 caller_vaddr=0x92c916
      cold #10 c:malloc bytes=12 ptr=0x55643e3fe910 caller_vaddr=0x92de0d
      cold #11 c:free bytes=0 ptr=0x55643e3fe910 caller_vaddr=0x92e43f
      cold #12 c:calloc bytes=48 ptr=0x55643e3bf0f0 caller_vaddr=0x92c690
      cold #13 c:free bytes=0 ptr=0x55643e3bf0f0 caller_vaddr=0x92c916
      cold #14 c:malloc bytes=12 ptr=0x55643e3fe910 caller_vaddr=0x92de0d
      cold #15 c:free bytes=0 ptr=0x55643e3fe910 caller_vaddr=0x92e43f
      cold: ... 240 more records suppressed
      warm #0 c:calloc bytes=48 ptr=0x55643e3bf0f0 caller_vaddr=0x92c690
      warm #1 c:free bytes=0 ptr=0x55643e3bf0f0 caller_vaddr=0x92c916
      warm #2 c:malloc bytes=12 ptr=0x55643e3fe910 caller_vaddr=0x92de0d
      warm #3 c:free bytes=0 ptr=0x55643e3fe910 caller_vaddr=0x92e43f
      warm #4 c:calloc bytes=48 ptr=0x55643e3bf0f0 caller_vaddr=0x92c690
      warm #5 c:free bytes=0 ptr=0x55643e3bf0f0 caller_vaddr=0x92c916
      warm #6 c:malloc bytes=12 ptr=0x55643e3fe910 caller_vaddr=0x92de0d
      warm #7 c:free bytes=0 ptr=0x55643e3fe910 caller_vaddr=0x92e43f
      warm #8 c:calloc bytes=48 ptr=0x55643e3bf0f0 caller_vaddr=0x92c690
      warm #9 c:free bytes=0 ptr=0x55643e3bf0f0 caller_vaddr=0x92c916
      warm #10 c:malloc bytes=12 ptr=0x55643e3fe910 caller_vaddr=0x92de0d
      warm #11 c:free bytes=0 ptr=0x55643e3fe910 caller_vaddr=0x92e43f
      warm #12 c:calloc bytes=48 ptr=0x55643e3bf0f0 caller_vaddr=0x92c690
      warm #13 c:free bytes=0 ptr=0x55643e3bf0f0 caller_vaddr=0x92c916
      warm #14 c:malloc bytes=12 ptr=0x55643e3fe910 caller_vaddr=0x92de0d
      warm #15 c:free bytes=0 ptr=0x55643e3fe910 caller_vaddr=0x92e43f
      warm: ... 32752 more records suppressed
  [nam+drums] rate=  96000 block= 128 drums=playing  cold(alloc=128 free=128 lock=0) warm(alloc=16384 free=16384 lock=0 trylock=0 cond=0) 128 blocks 0.171 s  pb-wall 5.914 ms (45.8 us/blk, instrumented)  drums[active=128 voices=0] outRms=0.18924
      no-op frees=128 sites(offset): 0x14b34d (free(NULL) no-ops, not heap frees)
      cold #0 c:calloc bytes=48 ptr=0x55643e2e60e0 caller_vaddr=0x92c690
      cold #1 c:free bytes=0 ptr=0x55643e2e60e0 caller_vaddr=0x92c916
      cold #2 c:malloc bytes=12 ptr=0x55643e403130 caller_vaddr=0x92de0d
      cold #3 c:free bytes=0 ptr=0x55643e403130 caller_vaddr=0x92e43f
      cold #4 c:calloc bytes=48 ptr=0x55643e2e60e0 caller_vaddr=0x92c690
      cold #5 c:free bytes=0 ptr=0x55643e2e60e0 caller_vaddr=0x92c916
      cold #6 c:malloc bytes=12 ptr=0x55643e403130 caller_vaddr=0x92de0d
      cold #7 c:free bytes=0 ptr=0x55643e403130 caller_vaddr=0x92e43f
      cold #8 c:calloc bytes=48 ptr=0x55643e2e60e0 caller_vaddr=0x92c690
      cold #9 c:free bytes=0 ptr=0x55643e2e60e0 caller_vaddr=0x92c916
      cold #10 c:malloc bytes=12 ptr=0x55643e403130 caller_vaddr=0x92de0d
      cold #11 c:free bytes=0 ptr=0x55643e403130 caller_vaddr=0x92e43f
      cold #12 c:calloc bytes=48 ptr=0x55643e2e60e0 caller_vaddr=0x92c690
      cold #13 c:free bytes=0 ptr=0x55643e2e60e0 caller_vaddr=0x92c916
      cold #14 c:malloc bytes=12 ptr=0x55643e403130 caller_vaddr=0x92de0d
      cold #15 c:free bytes=0 ptr=0x55643e403130 caller_vaddr=0x92e43f
      cold: ... 1008 more records suppressed
      warm #0 c:calloc bytes=48 ptr=0x55643e2e60e0 caller_vaddr=0x92c690
      warm #1 c:free bytes=0 ptr=0x55643e2e60e0 caller_vaddr=0x92c916
      warm #2 c:malloc bytes=12 ptr=0x55643e403130 caller_vaddr=0x92de0d
      warm #3 c:free bytes=0 ptr=0x55643e403130 caller_vaddr=0x92e43f
      warm #4 c:calloc bytes=48 ptr=0x55643e2e60e0 caller_vaddr=0x92c690
      warm #5 c:free bytes=0 ptr=0x55643e2e60e0 caller_vaddr=0x92c916
      warm #6 c:malloc bytes=12 ptr=0x55643e403130 caller_vaddr=0x92de0d
      warm #7 c:free bytes=0 ptr=0x55643e403130 caller_vaddr=0x92e43f
      warm #8 c:calloc bytes=48 ptr=0x55643e2e60e0 caller_vaddr=0x92c690
      warm #9 c:free bytes=0 ptr=0x55643e2e60e0 caller_vaddr=0x92c916
      warm #10 c:malloc bytes=12 ptr=0x55643e403130 caller_vaddr=0x92de0d
      warm #11 c:free bytes=0 ptr=0x55643e403130 caller_vaddr=0x92e43f
      warm #12 c:calloc bytes=48 ptr=0x55643e2e60e0 caller_vaddr=0x92c690
      warm #13 c:free bytes=0 ptr=0x55643e2e60e0 caller_vaddr=0x92c916
      warm #14 c:malloc bytes=12 ptr=0x55643e403130 caller_vaddr=0x92de0d
      warm #15 c:free bytes=0 ptr=0x55643e403130 caller_vaddr=0x92e43f
      warm: ... 65520 more records suppressed
      warm: +65536 records beyond fixed capacity (overflow)
  [nam      ] rate=  96000 block= 512 drums=stopped  cold(alloc=512 free=512 lock=0) warm(alloc=65536 free=65536 lock=0 trylock=0 cond=0) 128 blocks 0.683 s  pb-wall 21.800 ms (169.0 us/blk, instrumented)  drums[active=0 voices=0] outRms=0.00848
      cold #0 c:calloc bytes=48 ptr=0x55643e2e69e0 caller_vaddr=0x92c690
      cold #1 c:free bytes=0 ptr=0x55643e2e69e0 caller_vaddr=0x92c916
      cold #2 c:malloc bytes=12 ptr=0x55643e40e290 caller_vaddr=0x92de0d
      cold #3 c:free bytes=0 ptr=0x55643e40e290 caller_vaddr=0x92e43f
      cold #4 c:calloc bytes=48 ptr=0x55643e2e69e0 caller_vaddr=0x92c690
      cold #5 c:free bytes=0 ptr=0x55643e2e69e0 caller_vaddr=0x92c916
      cold #6 c:malloc bytes=12 ptr=0x55643e40e290 caller_vaddr=0x92de0d
      cold #7 c:free bytes=0 ptr=0x55643e40e290 caller_vaddr=0x92e43f
      cold #8 c:calloc bytes=48 ptr=0x55643e2e69e0 caller_vaddr=0x92c690
      cold #9 c:free bytes=0 ptr=0x55643e2e69e0 caller_vaddr=0x92c916
      cold #10 c:malloc bytes=12 ptr=0x55643e40e290 caller_vaddr=0x92de0d
      cold #11 c:free bytes=0 ptr=0x55643e40e290 caller_vaddr=0x92e43f
      cold #12 c:calloc bytes=48 ptr=0x55643e2e69e0 caller_vaddr=0x92c690
      cold #13 c:free bytes=0 ptr=0x55643e2e69e0 caller_vaddr=0x92c916
      cold #14 c:malloc bytes=12 ptr=0x55643e40e290 caller_vaddr=0x92de0d
      cold #15 c:free bytes=0 ptr=0x55643e40e290 caller_vaddr=0x92e43f
      cold: ... 1008 more records suppressed
      warm #0 c:calloc bytes=48 ptr=0x55643e2e69e0 caller_vaddr=0x92c690
      warm #1 c:free bytes=0 ptr=0x55643e2e69e0 caller_vaddr=0x92c916
      warm #2 c:malloc bytes=12 ptr=0x55643e40e290 caller_vaddr=0x92de0d
      warm #3 c:free bytes=0 ptr=0x55643e40e290 caller_vaddr=0x92e43f
      warm #4 c:calloc bytes=48 ptr=0x55643e2e69e0 caller_vaddr=0x92c690
      warm #5 c:free bytes=0 ptr=0x55643e2e69e0 caller_vaddr=0x92c916
      warm #6 c:malloc bytes=12 ptr=0x55643e40e290 caller_vaddr=0x92de0d
      warm #7 c:free bytes=0 ptr=0x55643e40e290 caller_vaddr=0x92e43f
      warm #8 c:calloc bytes=48 ptr=0x55643e2e69e0 caller_vaddr=0x92c690
      warm #9 c:free bytes=0 ptr=0x55643e2e69e0 caller_vaddr=0x92c916
      warm #10 c:malloc bytes=12 ptr=0x55643e40e290 caller_vaddr=0x92de0d
      warm #11 c:free bytes=0 ptr=0x55643e40e290 caller_vaddr=0x92e43f
      warm #12 c:calloc bytes=48 ptr=0x55643e2e69e0 caller_vaddr=0x92c690
      warm #13 c:free bytes=0 ptr=0x55643e2e69e0 caller_vaddr=0x92c916
      warm #14 c:malloc bytes=12 ptr=0x55643e40e290 caller_vaddr=0x92de0d
      warm #15 c:free bytes=0 ptr=0x55643e40e290 caller_vaddr=0x92e43f
      warm: ... 65520 more records suppressed
      warm: +65536 records beyond fixed capacity (overflow)
  [nam+drums] rate=  96000 block= 512 drums=playing  cold(alloc=512 free=512 lock=0) warm(alloc=65536 free=65536 lock=0 trylock=0 cond=0) 128 blocks 0.683 s  pb-wall 22.862 ms (177.2 us/blk, instrumented)  drums[active=128 voices=4] outRms=0.12850
      no-op frees=128 sites(offset): 0x14b34d (free(NULL) no-ops, not heap frees)

CSV written: /home/mojo/projects/worktrees/RT-004-nam-architectures/docs/research/nam-architecture-probe/runs/original_control/lstm_control/cases.csv

[totals across 26 measured cases]
  dry cases (of 18) nonzero : 0 (all zero)
  cold allocator calls      : 3840
  warm allocator calls      : 491520
  warm free calls           : 491520
  warm no-op frees (nullptr): 1664
  warm lock/cond operations : 0
  cases with warm alloc/free: 8
  NAM measured              : yes
  scene restored via dispatch: yes (29.5 ms, bound 262 ms)
  editor created            : no
