RT-002 processor runtime probe
==============================
mode=full warm blocks per case=256

[instrument self-check]
  armed exact: new=2 new[]=2 del=1 del[]=2 del(sized)=1 malloc=1 calloc=1 realloc=1 free=2 lock=2 unlock=2 trylock=1 cond=1
  self-check PASS (gate + exact new/delete/malloc/lock detection)

[scene flag -> processor Timer via genuine JUCE message loop]
  scene[audio]: saved=0.000000 changed=-16.799999 before=-16.799999 after=0.000000 restored=1 restore@29.5 ms (loop@29.3 ms) dispatch=100.0 ms
  scene[audio]: blocks=11 signal(alloc=0 free=0 lock=0 trylock=0 cond=0 unlock=0) stopBefore=0 stopAfter=1 dispatchInBound=1 editorNull=1

[nam] requesting async load: /home/mojo/projects/guitars/third_party/NeuralAmpModelerCore/example_models/lstm.nam
[dry/built-in chain: rates x block sizes x drums]
  [dry      ] rate=  44100 block=  64 drums=stopped  cold(alloc=0 free=0 lock=0) warm(alloc=0 free=0 lock=0 trylock=0 cond=0) 256 blocks 0.372 s  pb-wall 2.486 ms (9.7 us/blk, instrumented)  drums[active=0 voices=0] outRms=0.14125
  [dry+drums] rate=  44100 block=  64 drums=playing  cold(alloc=0 free=0 lock=0) warm(alloc=0 free=0 lock=0 trylock=0 cond=0) 256 blocks 0.372 s  pb-wall 3.185 ms (12.4 us/blk, instrumented)  drums[active=256 voices=2] outRms=0.20423
      no-op frees=256 sites(offset): 0x14b34d (free(NULL) no-ops, not heap frees)
  [dry      ] rate=  44100 block= 128 drums=stopped  cold(alloc=0 free=0 lock=0) warm(alloc=0 free=0 lock=0 trylock=0 cond=0) 256 blocks 0.743 s  pb-wall 5.088 ms (19.8 us/blk, instrumented)  drums[active=0 voices=0] outRms=0.14147
  [dry+drums] rate=  44100 block= 128 drums=playing  cold(alloc=0 free=0 lock=0) warm(alloc=0 free=0 lock=0 trylock=0 cond=0) 256 blocks 0.743 s  pb-wall 6.501 ms (25.3 us/blk, instrumented)  drums[active=256 voices=4] outRms=0.20151
      no-op frees=256 sites(offset): 0x14b34d (free(NULL) no-ops, not heap frees)
  [nam] model became active during the dry run (activation swap occurred inside a dry warm block; not separately isolated)
  [dry      ] rate=  44100 block= 512 drums=stopped  cold(alloc=0 free=0 lock=0) warm(alloc=0 free=0 lock=0 trylock=0 cond=0) 256 blocks 2.972 s  pb-wall 19.088 ms (74.3 us/blk, instrumented)  drums[active=0 voices=0] outRms=0.14177
  [dry+drums] rate=  44100 block= 512 drums=playing  cold(alloc=0 free=0 lock=0) warm(alloc=0 free=0 lock=0 trylock=0 cond=0) 256 blocks 2.972 s  pb-wall 22.594 ms (87.9 us/blk, instrumented)  drums[active=256 voices=22] outRms=0.19347
      no-op frees=256 sites(offset): 0x14b34d (free(NULL) no-ops, not heap frees)
  [dry      ] rate=  48000 block=  64 drums=stopped  cold(alloc=0 free=0 lock=0) warm(alloc=0 free=0 lock=0 trylock=0 cond=0) 256 blocks 0.341 s  pb-wall 2.513 ms (9.8 us/blk, instrumented)  drums[active=0 voices=0] outRms=0.14034
  [dry+drums] rate=  48000 block=  64 drums=playing  cold(alloc=0 free=0 lock=0) warm(alloc=0 free=0 lock=0 trylock=0 cond=0) 256 blocks 0.341 s  pb-wall 2.846 ms (11.1 us/blk, instrumented)  drums[active=256 voices=2] outRms=0.21142
      no-op frees=256 sites(offset): 0x14b34d (free(NULL) no-ops, not heap frees)
  [dry      ] rate=  48000 block= 128 drums=stopped  cold(alloc=0 free=0 lock=0) warm(alloc=0 free=0 lock=0 trylock=0 cond=0) 256 blocks 0.683 s  pb-wall 4.827 ms (18.8 us/blk, instrumented)  drums[active=0 voices=0] outRms=0.14242
  [dry+drums] rate=  48000 block= 128 drums=playing  cold(alloc=0 free=0 lock=0) warm(alloc=0 free=0 lock=0 trylock=0 cond=0) 256 blocks 0.683 s  pb-wall 5.572 ms (21.7 us/blk, instrumented)  drums[active=256 voices=4] outRms=0.20537
      no-op frees=256 sites(offset): 0x14b34d (free(NULL) no-ops, not heap frees)
  [dry      ] rate=  48000 block= 512 drums=stopped  cold(alloc=0 free=0 lock=0) warm(alloc=0 free=0 lock=0 trylock=0 cond=0) 256 blocks 2.731 s  pb-wall 19.042 ms (74.1 us/blk, instrumented)  drums[active=0 voices=0] outRms=0.14187
  [dry+drums] rate=  48000 block= 512 drums=playing  cold(alloc=0 free=0 lock=0) warm(alloc=0 free=0 lock=0 trylock=0 cond=0) 256 blocks 2.731 s  pb-wall 26.687 ms (103.8 us/blk, instrumented)  drums[active=256 voices=20] outRms=0.19677
      no-op frees=256 sites(offset): 0x14b34d (free(NULL) no-ops, not heap frees)
  [dry      ] rate=  96000 block=  64 drums=stopped  cold(alloc=0 free=0 lock=0) warm(alloc=0 free=0 lock=0 trylock=0 cond=0) 256 blocks 0.171 s  pb-wall 2.524 ms (9.8 us/blk, instrumented)  drums[active=0 voices=0] outRms=0.14122
  [dry+drums] rate=  96000 block=  64 drums=playing  cold(alloc=0 free=0 lock=0) warm(alloc=0 free=0 lock=0 trylock=0 cond=0) 256 blocks 0.171 s  pb-wall 2.771 ms (10.8 us/blk, instrumented)  drums[active=256 voices=0] outRms=0.24854
      no-op frees=256 sites(offset): 0x14b34d (free(NULL) no-ops, not heap frees)
  [dry      ] rate=  96000 block= 128 drums=stopped  cold(alloc=0 free=0 lock=0) warm(alloc=0 free=0 lock=0 trylock=0 cond=0) 256 blocks 0.341 s  pb-wall 4.912 ms (19.1 us/blk, instrumented)  drums[active=0 voices=0] outRms=0.14230
  [dry+drums] rate=  96000 block= 128 drums=playing  cold(alloc=0 free=0 lock=0) warm(alloc=0 free=0 lock=0 trylock=0 cond=0) 256 blocks 0.341 s  pb-wall 5.704 ms (22.2 us/blk, instrumented)  drums[active=256 voices=2] outRms=0.21027
      no-op frees=256 sites(offset): 0x14b34d (free(NULL) no-ops, not heap frees)
  [dry      ] rate=  96000 block= 512 drums=stopped  cold(alloc=0 free=0 lock=0) warm(alloc=0 free=0 lock=0 trylock=0 cond=0) 256 blocks 1.365 s  pb-wall 21.145 ms (82.3 us/blk, instrumented)  drums[active=0 voices=0] outRms=0.14166
  [dry+drums] rate=  96000 block= 512 drums=playing  cold(alloc=0 free=0 lock=0) warm(alloc=0 free=0 lock=0 trylock=0 cond=0) 256 blocks 1.365 s  pb-wall 22.472 ms (87.4 us/blk, instrumented)  drums[active=256 voices=10] outRms=0.19687
      no-op frees=256 sites(offset): 0x14b34d (free(NULL) no-ops, not heap frees)

[nam] post-dry state: loaded=1 resampling=1 error=""
      cold #0 c:calloc bytes=48 ptr=0x559acd361ac0 caller_vaddr=0x92c690
      cold #1 c:free bytes=0 ptr=0x559acd361ac0 caller_vaddr=0x92c916
      cold #2 c:malloc bytes=12 ptr=0x559acd4794e0 caller_vaddr=0x92de0d
      cold #3 c:free bytes=0 ptr=0x559acd4794e0 caller_vaddr=0x92e43f
      cold #4 c:calloc bytes=48 ptr=0x559acd361ac0 caller_vaddr=0x92c690
      cold #5 c:free bytes=0 ptr=0x559acd361ac0 caller_vaddr=0x92c916
      cold #6 c:malloc bytes=12 ptr=0x559acd4794e0 caller_vaddr=0x92de0d
      cold #7 c:free bytes=0 ptr=0x559acd4794e0 caller_vaddr=0x92e43f
      cold #8 c:calloc bytes=48 ptr=0x559acd361ac0 caller_vaddr=0x92c690
      cold #9 c:free bytes=0 ptr=0x559acd361ac0 caller_vaddr=0x92c916
      cold #10 c:malloc bytes=12 ptr=0x559acd4794e0 caller_vaddr=0x92de0d
      cold #11 c:free bytes=0 ptr=0x559acd4794e0 caller_vaddr=0x92e43f
      cold #12 c:calloc bytes=48 ptr=0x559acd361ac0 caller_vaddr=0x92c690
      cold #13 c:free bytes=0 ptr=0x559acd361ac0 caller_vaddr=0x92c916
      cold #14 c:malloc bytes=12 ptr=0x559acd4794e0 caller_vaddr=0x92de0d
      cold #15 c:free bytes=0 ptr=0x559acd4794e0 caller_vaddr=0x92e43f
      cold: ... 496 more records suppressed
      warm #0 c:calloc bytes=48 ptr=0x559acd361ac0 caller_vaddr=0x92c690
      warm #1 c:free bytes=0 ptr=0x559acd361ac0 caller_vaddr=0x92c916
      warm #2 c:malloc bytes=12 ptr=0x559acd4794e0 caller_vaddr=0x92de0d
      warm #3 c:free bytes=0 ptr=0x559acd4794e0 caller_vaddr=0x92e43f
      warm #4 c:calloc bytes=48 ptr=0x559acd361ac0 caller_vaddr=0x92c690
      warm #5 c:free bytes=0 ptr=0x559acd361ac0 caller_vaddr=0x92c916
      warm #6 c:malloc bytes=12 ptr=0x559acd4794e0 caller_vaddr=0x92de0d
      warm #7 c:free bytes=0 ptr=0x559acd4794e0 caller_vaddr=0x92e43f
      warm #8 c:calloc bytes=48 ptr=0x559acd361ac0 caller_vaddr=0x92c690
      warm #9 c:free bytes=0 ptr=0x559acd361ac0 caller_vaddr=0x92c916
      warm #10 c:malloc bytes=12 ptr=0x559acd4794e0 caller_vaddr=0x92de0d
      warm #11 c:free bytes=0 ptr=0x559acd4794e0 caller_vaddr=0x92e43f
      warm #12 c:calloc bytes=48 ptr=0x559acd361ac0 caller_vaddr=0x92c690
      warm #13 c:free bytes=0 ptr=0x559acd361ac0 caller_vaddr=0x92c916
      warm #14 c:malloc bytes=12 ptr=0x559acd4794e0 caller_vaddr=0x92de0d
      warm #15 c:free bytes=0 ptr=0x559acd4794e0 caller_vaddr=0x92e43f
      warm: ... 65520 more records suppressed
      warm: +65536 records beyond fixed capacity (overflow)
  [nam      ] rate=  48000 block= 128 drums=stopped  cold(alloc=256 free=256 lock=0) warm(alloc=65536 free=65536 lock=0 trylock=0 cond=0) 256 blocks 0.683 s  pb-wall 12.747 ms (49.6 us/blk, instrumented)  drums[active=0 voices=0] outRms=0.00861
      cold #0 c:calloc bytes=48 ptr=0x559acd35f9e0 caller_vaddr=0x92c690
      cold #1 c:free bytes=0 ptr=0x559acd35f9e0 caller_vaddr=0x92c916
      cold #2 c:malloc bytes=12 ptr=0x559acd478d60 caller_vaddr=0x92de0d
      cold #3 c:free bytes=0 ptr=0x559acd478d60 caller_vaddr=0x92e43f
      cold #4 c:calloc bytes=48 ptr=0x559acd35f9e0 caller_vaddr=0x92c690
      cold #5 c:free bytes=0 ptr=0x559acd35f9e0 caller_vaddr=0x92c916
      cold #6 c:malloc bytes=12 ptr=0x559acd478d60 caller_vaddr=0x92de0d
      cold #7 c:free bytes=0 ptr=0x559acd478d60 caller_vaddr=0x92e43f
      cold #8 c:calloc bytes=48 ptr=0x559acd35f9e0 caller_vaddr=0x92c690
      cold #9 c:free bytes=0 ptr=0x559acd35f9e0 caller_vaddr=0x92c916
      cold #10 c:malloc bytes=12 ptr=0x559acd478d60 caller_vaddr=0x92de0d
      cold #11 c:free bytes=0 ptr=0x559acd478d60 caller_vaddr=0x92e43f
      cold #12 c:calloc bytes=48 ptr=0x559acd35f9e0 caller_vaddr=0x92c690
      cold #13 c:free bytes=0 ptr=0x559acd35f9e0 caller_vaddr=0x92c916
      cold #14 c:malloc bytes=12 ptr=0x559acd478d60 caller_vaddr=0x92de0d
      cold #15 c:free bytes=0 ptr=0x559acd478d60 caller_vaddr=0x92e43f
      cold: ... 496 more records suppressed
      warm #0 c:calloc bytes=48 ptr=0x559acd35f9e0 caller_vaddr=0x92c690
      warm #1 c:free bytes=0 ptr=0x559acd35f9e0 caller_vaddr=0x92c916
      warm #2 c:malloc bytes=12 ptr=0x559acd478d60 caller_vaddr=0x92de0d
      warm #3 c:free bytes=0 ptr=0x559acd478d60 caller_vaddr=0x92e43f
      warm #4 c:calloc bytes=48 ptr=0x559acd35f9e0 caller_vaddr=0x92c690
      warm #5 c:free bytes=0 ptr=0x559acd35f9e0 caller_vaddr=0x92c916
      warm #6 c:malloc bytes=12 ptr=0x559acd478d60 caller_vaddr=0x92de0d
      warm #7 c:free bytes=0 ptr=0x559acd478d60 caller_vaddr=0x92e43f
      warm #8 c:calloc bytes=48 ptr=0x559acd35f9e0 caller_vaddr=0x92c690
      warm #9 c:free bytes=0 ptr=0x559acd35f9e0 caller_vaddr=0x92c916
      warm #10 c:malloc bytes=12 ptr=0x559acd478d60 caller_vaddr=0x92de0d
      warm #11 c:free bytes=0 ptr=0x559acd478d60 caller_vaddr=0x92e43f
      warm #12 c:calloc bytes=48 ptr=0x559acd35f9e0 caller_vaddr=0x92c690
      warm #13 c:free bytes=0 ptr=0x559acd35f9e0 caller_vaddr=0x92c916
      warm #14 c:malloc bytes=12 ptr=0x559acd478d60 caller_vaddr=0x92de0d
      warm #15 c:free bytes=0 ptr=0x559acd478d60 caller_vaddr=0x92e43f
      warm: ... 65520 more records suppressed
      warm: +65536 records beyond fixed capacity (overflow)
  [nam+drums] rate=  48000 block= 128 drums=playing  cold(alloc=256 free=256 lock=0) warm(alloc=65536 free=65536 lock=0 trylock=0 cond=0) 256 blocks 0.683 s  pb-wall 12.511 ms (48.7 us/blk, instrumented)  drums[active=256 voices=4] outRms=0.12250
      no-op frees=256 sites(offset): 0x14b34d (free(NULL) no-ops, not heap frees)
      cold #0 c:calloc bytes=48 ptr=0x559acd4380f0 caller_vaddr=0x92c690
      cold #1 c:free bytes=0 ptr=0x559acd4380f0 caller_vaddr=0x92c916
      cold #2 c:malloc bytes=12 ptr=0x559acd4784b0 caller_vaddr=0x92de0d
      cold #3 c:free bytes=0 ptr=0x559acd4784b0 caller_vaddr=0x92e43f
      cold #4 c:calloc bytes=48 ptr=0x559acd4380f0 caller_vaddr=0x92c690
      cold #5 c:free bytes=0 ptr=0x559acd4380f0 caller_vaddr=0x92c916
      cold #6 c:malloc bytes=12 ptr=0x559acd4784b0 caller_vaddr=0x92de0d
      cold #7 c:free bytes=0 ptr=0x559acd4784b0 caller_vaddr=0x92e43f
      cold #8 c:calloc bytes=48 ptr=0x559acd4380f0 caller_vaddr=0x92c690
      cold #9 c:free bytes=0 ptr=0x559acd4380f0 caller_vaddr=0x92c916
      cold #10 c:malloc bytes=12 ptr=0x559acd4784b0 caller_vaddr=0x92de0d
      cold #11 c:free bytes=0 ptr=0x559acd4784b0 caller_vaddr=0x92e43f
      cold #12 c:calloc bytes=48 ptr=0x559acd4380f0 caller_vaddr=0x92c690
      cold #13 c:free bytes=0 ptr=0x559acd4380f0 caller_vaddr=0x92c916
      cold #14 c:malloc bytes=12 ptr=0x559acd4784b0 caller_vaddr=0x92de0d
      cold #15 c:free bytes=0 ptr=0x559acd4784b0 caller_vaddr=0x92e43f
      cold: ... 2032 more records suppressed
      warm #0 c:calloc bytes=48 ptr=0x559acd4380f0 caller_vaddr=0x92c690
      warm #1 c:free bytes=0 ptr=0x559acd4380f0 caller_vaddr=0x92c916
      warm #2 c:malloc bytes=12 ptr=0x559acd4784b0 caller_vaddr=0x92de0d
      warm #3 c:free bytes=0 ptr=0x559acd4784b0 caller_vaddr=0x92e43f
      warm #4 c:calloc bytes=48 ptr=0x559acd4380f0 caller_vaddr=0x92c690
      warm #5 c:free bytes=0 ptr=0x559acd4380f0 caller_vaddr=0x92c916
      warm #6 c:malloc bytes=12 ptr=0x559acd4784b0 caller_vaddr=0x92de0d
      warm #7 c:free bytes=0 ptr=0x559acd4784b0 caller_vaddr=0x92e43f
      warm #8 c:calloc bytes=48 ptr=0x559acd4380f0 caller_vaddr=0x92c690
      warm #9 c:free bytes=0 ptr=0x559acd4380f0 caller_vaddr=0x92c916
      warm #10 c:malloc bytes=12 ptr=0x559acd4784b0 caller_vaddr=0x92de0d
      warm #11 c:free bytes=0 ptr=0x559acd4784b0 caller_vaddr=0x92e43f
      warm #12 c:calloc bytes=48 ptr=0x559acd4380f0 caller_vaddr=0x92c690
      warm #13 c:free bytes=0 ptr=0x559acd4380f0 caller_vaddr=0x92c916
      warm #14 c:malloc bytes=12 ptr=0x559acd4784b0 caller_vaddr=0x92de0d
      warm #15 c:free bytes=0 ptr=0x559acd4784b0 caller_vaddr=0x92e43f
      warm: ... 65520 more records suppressed
      warm: +458752 records beyond fixed capacity (overflow)
  [nam      ] rate=  48000 block= 512 drums=stopped  cold(alloc=1024 free=1024 lock=0) warm(alloc=262144 free=262144 lock=0 trylock=0 cond=0) 256 blocks 2.731 s  pb-wall 45.400 ms (176.7 us/blk, instrumented)  drums[active=0 voices=0] outRms=0.00859
      cold #0 c:calloc bytes=48 ptr=0x559acd361ac0 caller_vaddr=0x92c690
      cold #1 c:free bytes=0 ptr=0x559acd361ac0 caller_vaddr=0x92c916
      cold #2 c:malloc bytes=12 ptr=0x559acd477f10 caller_vaddr=0x92de0d
      cold #3 c:free bytes=0 ptr=0x559acd477f10 caller_vaddr=0x92e43f
      cold #4 c:calloc bytes=48 ptr=0x559acd361ac0 caller_vaddr=0x92c690
      cold #5 c:free bytes=0 ptr=0x559acd361ac0 caller_vaddr=0x92c916
      cold #6 c:malloc bytes=12 ptr=0x559acd477f10 caller_vaddr=0x92de0d
      cold #7 c:free bytes=0 ptr=0x559acd477f10 caller_vaddr=0x92e43f
      cold #8 c:calloc bytes=48 ptr=0x559acd361ac0 caller_vaddr=0x92c690
      cold #9 c:free bytes=0 ptr=0x559acd361ac0 caller_vaddr=0x92c916
      cold #10 c:malloc bytes=12 ptr=0x559acd477f10 caller_vaddr=0x92de0d
      cold #11 c:free bytes=0 ptr=0x559acd477f10 caller_vaddr=0x92e43f
      cold #12 c:calloc bytes=48 ptr=0x559acd361ac0 caller_vaddr=0x92c690
      cold #13 c:free bytes=0 ptr=0x559acd361ac0 caller_vaddr=0x92c916
      cold #14 c:malloc bytes=12 ptr=0x559acd477f10 caller_vaddr=0x92de0d
      cold #15 c:free bytes=0 ptr=0x559acd477f10 caller_vaddr=0x92e43f
      cold: ... 2032 more records suppressed
      warm #0 c:calloc bytes=48 ptr=0x559acd361ac0 caller_vaddr=0x92c690
      warm #1 c:free bytes=0 ptr=0x559acd361ac0 caller_vaddr=0x92c916
      warm #2 c:malloc bytes=12 ptr=0x559acd477f10 caller_vaddr=0x92de0d
      warm #3 c:free bytes=0 ptr=0x559acd477f10 caller_vaddr=0x92e43f
      warm #4 c:calloc bytes=48 ptr=0x559acd361ac0 caller_vaddr=0x92c690
      warm #5 c:free bytes=0 ptr=0x559acd361ac0 caller_vaddr=0x92c916
      warm #6 c:malloc bytes=12 ptr=0x559acd477f10 caller_vaddr=0x92de0d
      warm #7 c:free bytes=0 ptr=0x559acd477f10 caller_vaddr=0x92e43f
      warm #8 c:calloc bytes=48 ptr=0x559acd361ac0 caller_vaddr=0x92c690
      warm #9 c:free bytes=0 ptr=0x559acd361ac0 caller_vaddr=0x92c916
      warm #10 c:malloc bytes=12 ptr=0x559acd477f10 caller_vaddr=0x92de0d
      warm #11 c:free bytes=0 ptr=0x559acd477f10 caller_vaddr=0x92e43f
      warm #12 c:calloc bytes=48 ptr=0x559acd361ac0 caller_vaddr=0x92c690
      warm #13 c:free bytes=0 ptr=0x559acd361ac0 caller_vaddr=0x92c916
      warm #14 c:malloc bytes=12 ptr=0x559acd477f10 caller_vaddr=0x92de0d
      warm #15 c:free bytes=0 ptr=0x559acd477f10 caller_vaddr=0x92e43f
      warm: ... 65520 more records suppressed
      warm: +458752 records beyond fixed capacity (overflow)
  [nam+drums] rate=  48000 block= 512 drums=playing  cold(alloc=1024 free=1024 lock=0) warm(alloc=262144 free=262144 lock=0 trylock=0 cond=0) 256 blocks 2.731 s  pb-wall 50.149 ms (195.1 us/blk, instrumented)  drums[active=256 voices=20] outRms=0.11413
      no-op frees=256 sites(offset): 0x14b34d (free(NULL) no-ops, not heap frees)
      cold #0 c:calloc bytes=48 ptr=0x559acd35f9e0 caller_vaddr=0x92c690
      cold #1 c:free bytes=0 ptr=0x559acd35f9e0 caller_vaddr=0x92c916
      cold #2 c:malloc bytes=12 ptr=0x559acd485950 caller_vaddr=0x92de0d
      cold #3 c:free bytes=0 ptr=0x559acd485950 caller_vaddr=0x92e43f
      cold #4 c:calloc bytes=48 ptr=0x559acd35f9e0 caller_vaddr=0x92c690
      cold #5 c:free bytes=0 ptr=0x559acd35f9e0 caller_vaddr=0x92c916
      cold #6 c:malloc bytes=12 ptr=0x559acd485950 caller_vaddr=0x92de0d
      cold #7 c:free bytes=0 ptr=0x559acd485950 caller_vaddr=0x92e43f
      cold #8 c:calloc bytes=48 ptr=0x559acd35f9e0 caller_vaddr=0x92c690
      cold #9 c:free bytes=0 ptr=0x559acd35f9e0 caller_vaddr=0x92c916
      cold #10 c:malloc bytes=12 ptr=0x559acd485950 caller_vaddr=0x92de0d
      cold #11 c:free bytes=0 ptr=0x559acd485950 caller_vaddr=0x92e43f
      cold #12 c:calloc bytes=48 ptr=0x559acd35f9e0 caller_vaddr=0x92c690
      cold #13 c:free bytes=0 ptr=0x559acd35f9e0 caller_vaddr=0x92c916
      cold #14 c:malloc bytes=12 ptr=0x559acd485950 caller_vaddr=0x92de0d
      cold #15 c:free bytes=0 ptr=0x559acd485950 caller_vaddr=0x92e43f
      cold: ... 240 more records suppressed
      warm #0 c:calloc bytes=48 ptr=0x559acd35f9e0 caller_vaddr=0x92c690
      warm #1 c:free bytes=0 ptr=0x559acd35f9e0 caller_vaddr=0x92c916
      warm #2 c:malloc bytes=12 ptr=0x559acd485950 caller_vaddr=0x92de0d
      warm #3 c:free bytes=0 ptr=0x559acd485950 caller_vaddr=0x92e43f
      warm #4 c:calloc bytes=48 ptr=0x559acd35f9e0 caller_vaddr=0x92c690
      warm #5 c:free bytes=0 ptr=0x559acd35f9e0 caller_vaddr=0x92c916
      warm #6 c:malloc bytes=12 ptr=0x559acd485950 caller_vaddr=0x92de0d
      warm #7 c:free bytes=0 ptr=0x559acd485950 caller_vaddr=0x92e43f
      warm #8 c:calloc bytes=48 ptr=0x559acd35f9e0 caller_vaddr=0x92c690
      warm #9 c:free bytes=0 ptr=0x559acd35f9e0 caller_vaddr=0x92c916
      warm #10 c:malloc bytes=12 ptr=0x559acd485950 caller_vaddr=0x92de0d
      warm #11 c:free bytes=0 ptr=0x559acd485950 caller_vaddr=0x92e43f
      warm #12 c:calloc bytes=48 ptr=0x559acd35f9e0 caller_vaddr=0x92c690
      warm #13 c:free bytes=0 ptr=0x559acd35f9e0 caller_vaddr=0x92c916
      warm #14 c:malloc bytes=12 ptr=0x559acd485950 caller_vaddr=0x92de0d
      warm #15 c:free bytes=0 ptr=0x559acd485950 caller_vaddr=0x92e43f
      warm: ... 65520 more records suppressed
  [nam      ] rate=  96000 block= 128 drums=stopped  cold(alloc=128 free=128 lock=0) warm(alloc=32768 free=32768 lock=0 trylock=0 cond=0) 256 blocks 0.341 s  pb-wall 10.899 ms (42.4 us/blk, instrumented)  drums[active=0 voices=0] outRms=0.00855
      cold #0 c:calloc bytes=48 ptr=0x559acd4380f0 caller_vaddr=0x92c690
      cold #1 c:free bytes=0 ptr=0x559acd4380f0 caller_vaddr=0x92c916
      cold #2 c:malloc bytes=12 ptr=0x559acd47c7c0 caller_vaddr=0x92de0d
      cold #3 c:free bytes=0 ptr=0x559acd47c7c0 caller_vaddr=0x92e43f
      cold #4 c:calloc bytes=48 ptr=0x559acd4380f0 caller_vaddr=0x92c690
      cold #5 c:free bytes=0 ptr=0x559acd4380f0 caller_vaddr=0x92c916
      cold #6 c:malloc bytes=12 ptr=0x559acd47c7c0 caller_vaddr=0x92de0d
      cold #7 c:free bytes=0 ptr=0x559acd47c7c0 caller_vaddr=0x92e43f
      cold #8 c:calloc bytes=48 ptr=0x559acd4380f0 caller_vaddr=0x92c690
      cold #9 c:free bytes=0 ptr=0x559acd4380f0 caller_vaddr=0x92c916
      cold #10 c:malloc bytes=12 ptr=0x559acd47c7c0 caller_vaddr=0x92de0d
      cold #11 c:free bytes=0 ptr=0x559acd47c7c0 caller_vaddr=0x92e43f
      cold #12 c:calloc bytes=48 ptr=0x559acd4380f0 caller_vaddr=0x92c690
      cold #13 c:free bytes=0 ptr=0x559acd4380f0 caller_vaddr=0x92c916
      cold #14 c:malloc bytes=12 ptr=0x559acd47c7c0 caller_vaddr=0x92de0d
      cold #15 c:free bytes=0 ptr=0x559acd47c7c0 caller_vaddr=0x92e43f
      cold: ... 240 more records suppressed
      warm #0 c:calloc bytes=48 ptr=0x559acd4380f0 caller_vaddr=0x92c690
      warm #1 c:free bytes=0 ptr=0x559acd4380f0 caller_vaddr=0x92c916
      warm #2 c:malloc bytes=12 ptr=0x559acd47c7c0 caller_vaddr=0x92de0d
      warm #3 c:free bytes=0 ptr=0x559acd47c7c0 caller_vaddr=0x92e43f
      warm #4 c:calloc bytes=48 ptr=0x559acd4380f0 caller_vaddr=0x92c690
      warm #5 c:free bytes=0 ptr=0x559acd4380f0 caller_vaddr=0x92c916
      warm #6 c:malloc bytes=12 ptr=0x559acd47c7c0 caller_vaddr=0x92de0d
      warm #7 c:free bytes=0 ptr=0x559acd47c7c0 caller_vaddr=0x92e43f
      warm #8 c:calloc bytes=48 ptr=0x559acd4380f0 caller_vaddr=0x92c690
      warm #9 c:free bytes=0 ptr=0x559acd4380f0 caller_vaddr=0x92c916
      warm #10 c:malloc bytes=12 ptr=0x559acd47c7c0 caller_vaddr=0x92de0d
      warm #11 c:free bytes=0 ptr=0x559acd47c7c0 caller_vaddr=0x92e43f
      warm #12 c:calloc bytes=48 ptr=0x559acd4380f0 caller_vaddr=0x92c690
      warm #13 c:free bytes=0 ptr=0x559acd4380f0 caller_vaddr=0x92c916
      warm #14 c:malloc bytes=12 ptr=0x559acd47c7c0 caller_vaddr=0x92de0d
      warm #15 c:free bytes=0 ptr=0x559acd47c7c0 caller_vaddr=0x92e43f
      warm: ... 65520 more records suppressed
  [nam+drums] rate=  96000 block= 128 drums=playing  cold(alloc=128 free=128 lock=0) warm(alloc=32768 free=32768 lock=0 trylock=0 cond=0) 256 blocks 0.341 s  pb-wall 11.660 ms (45.4 us/blk, instrumented)  drums[active=256 voices=2] outRms=0.13537
      no-op frees=256 sites(offset): 0x14b34d (free(NULL) no-ops, not heap frees)
      cold #0 c:calloc bytes=48 ptr=0x559acd361ac0 caller_vaddr=0x92c690
      cold #1 c:free bytes=0 ptr=0x559acd361ac0 caller_vaddr=0x92c916
      cold #2 c:malloc bytes=12 ptr=0x559acd487dd0 caller_vaddr=0x92de0d
      cold #3 c:free bytes=0 ptr=0x559acd487dd0 caller_vaddr=0x92e43f
      cold #4 c:calloc bytes=48 ptr=0x559acd361ac0 caller_vaddr=0x92c690
      cold #5 c:free bytes=0 ptr=0x559acd361ac0 caller_vaddr=0x92c916
      cold #6 c:malloc bytes=12 ptr=0x559acd487dd0 caller_vaddr=0x92de0d
      cold #7 c:free bytes=0 ptr=0x559acd487dd0 caller_vaddr=0x92e43f
      cold #8 c:calloc bytes=48 ptr=0x559acd361ac0 caller_vaddr=0x92c690
      cold #9 c:free bytes=0 ptr=0x559acd361ac0 caller_vaddr=0x92c916
      cold #10 c:malloc bytes=12 ptr=0x559acd487dd0 caller_vaddr=0x92de0d
      cold #11 c:free bytes=0 ptr=0x559acd487dd0 caller_vaddr=0x92e43f
      cold #12 c:calloc bytes=48 ptr=0x559acd361ac0 caller_vaddr=0x92c690
      cold #13 c:free bytes=0 ptr=0x559acd361ac0 caller_vaddr=0x92c916
      cold #14 c:malloc bytes=12 ptr=0x559acd487dd0 caller_vaddr=0x92de0d
      cold #15 c:free bytes=0 ptr=0x559acd487dd0 caller_vaddr=0x92e43f
      cold: ... 1008 more records suppressed
      warm #0 c:calloc bytes=48 ptr=0x559acd361ac0 caller_vaddr=0x92c690
      warm #1 c:free bytes=0 ptr=0x559acd361ac0 caller_vaddr=0x92c916
      warm #2 c:malloc bytes=12 ptr=0x559acd487dd0 caller_vaddr=0x92de0d
      warm #3 c:free bytes=0 ptr=0x559acd487dd0 caller_vaddr=0x92e43f
      warm #4 c:calloc bytes=48 ptr=0x559acd361ac0 caller_vaddr=0x92c690
      warm #5 c:free bytes=0 ptr=0x559acd361ac0 caller_vaddr=0x92c916
      warm #6 c:malloc bytes=12 ptr=0x559acd487dd0 caller_vaddr=0x92de0d
      warm #7 c:free bytes=0 ptr=0x559acd487dd0 caller_vaddr=0x92e43f
      warm #8 c:calloc bytes=48 ptr=0x559acd361ac0 caller_vaddr=0x92c690
      warm #9 c:free bytes=0 ptr=0x559acd361ac0 caller_vaddr=0x92c916
      warm #10 c:malloc bytes=12 ptr=0x559acd487dd0 caller_vaddr=0x92de0d
      warm #11 c:free bytes=0 ptr=0x559acd487dd0 caller_vaddr=0x92e43f
      warm #12 c:calloc bytes=48 ptr=0x559acd361ac0 caller_vaddr=0x92c690
      warm #13 c:free bytes=0 ptr=0x559acd361ac0 caller_vaddr=0x92c916
      warm #14 c:malloc bytes=12 ptr=0x559acd487dd0 caller_vaddr=0x92de0d
      warm #15 c:free bytes=0 ptr=0x559acd487dd0 caller_vaddr=0x92e43f
      warm: ... 65520 more records suppressed
      warm: +196608 records beyond fixed capacity (overflow)
  [nam      ] rate=  96000 block= 512 drums=stopped  cold(alloc=512 free=512 lock=0) warm(alloc=131072 free=131072 lock=0 trylock=0 cond=0) 256 blocks 1.365 s  pb-wall 44.233 ms (172.1 us/blk, instrumented)  drums[active=0 voices=0] outRms=0.00849
      cold #0 c:calloc bytes=48 ptr=0x559acd35f9e0 caller_vaddr=0x92c690
      cold #1 c:free bytes=0 ptr=0x559acd35f9e0 caller_vaddr=0x92c916
      cold #2 c:malloc bytes=12 ptr=0x559acd488550 caller_vaddr=0x92de0d
      cold #3 c:free bytes=0 ptr=0x559acd488550 caller_vaddr=0x92e43f
      cold #4 c:calloc bytes=48 ptr=0x559acd35f9e0 caller_vaddr=0x92c690
      cold #5 c:free bytes=0 ptr=0x559acd35f9e0 caller_vaddr=0x92c916
      cold #6 c:malloc bytes=12 ptr=0x559acd488550 caller_vaddr=0x92de0d
      cold #7 c:free bytes=0 ptr=0x559acd488550 caller_vaddr=0x92e43f
      cold #8 c:calloc bytes=48 ptr=0x559acd35f9e0 caller_vaddr=0x92c690
      cold #9 c:free bytes=0 ptr=0x559acd35f9e0 caller_vaddr=0x92c916
      cold #10 c:malloc bytes=12 ptr=0x559acd488550 caller_vaddr=0x92de0d
      cold #11 c:free bytes=0 ptr=0x559acd488550 caller_vaddr=0x92e43f
      cold #12 c:calloc bytes=48 ptr=0x559acd35f9e0 caller_vaddr=0x92c690
      cold #13 c:free bytes=0 ptr=0x559acd35f9e0 caller_vaddr=0x92c916
      cold #14 c:malloc bytes=12 ptr=0x559acd488550 caller_vaddr=0x92de0d
      cold #15 c:free bytes=0 ptr=0x559acd488550 caller_vaddr=0x92e43f
      cold: ... 1008 more records suppressed
      warm #0 c:calloc bytes=48 ptr=0x559acd35f9e0 caller_vaddr=0x92c690
      warm #1 c:free bytes=0 ptr=0x559acd35f9e0 caller_vaddr=0x92c916
      warm #2 c:malloc bytes=12 ptr=0x559acd488550 caller_vaddr=0x92de0d
      warm #3 c:free bytes=0 ptr=0x559acd488550 caller_vaddr=0x92e43f
      warm #4 c:calloc bytes=48 ptr=0x559acd35f9e0 caller_vaddr=0x92c690
      warm #5 c:free bytes=0 ptr=0x559acd35f9e0 caller_vaddr=0x92c916
      warm #6 c:malloc bytes=12 ptr=0x559acd488550 caller_vaddr=0x92de0d
      warm #7 c:free bytes=0 ptr=0x559acd488550 caller_vaddr=0x92e43f
      warm #8 c:calloc bytes=48 ptr=0x559acd35f9e0 caller_vaddr=0x92c690
      warm #9 c:free bytes=0 ptr=0x559acd35f9e0 caller_vaddr=0x92c916
      warm #10 c:malloc bytes=12 ptr=0x559acd488550 caller_vaddr=0x92de0d
      warm #11 c:free bytes=0 ptr=0x559acd488550 caller_vaddr=0x92e43f
      warm #12 c:calloc bytes=48 ptr=0x559acd35f9e0 caller_vaddr=0x92c690
      warm #13 c:free bytes=0 ptr=0x559acd35f9e0 caller_vaddr=0x92c916
      warm #14 c:malloc bytes=12 ptr=0x559acd488550 caller_vaddr=0x92de0d
      warm #15 c:free bytes=0 ptr=0x559acd488550 caller_vaddr=0x92e43f
      warm: ... 65520 more records suppressed
      warm: +196608 records beyond fixed capacity (overflow)
  [nam+drums] rate=  96000 block= 512 drums=playing  cold(alloc=512 free=512 lock=0) warm(alloc=131072 free=131072 lock=0 trylock=0 cond=0) 256 blocks 1.365 s  pb-wall 46.294 ms (180.1 us/blk, instrumented)  drums[active=256 voices=10] outRms=0.11313
      no-op frees=256 sites(offset): 0x14b34d (free(NULL) no-ops, not heap frees)

CSV written: /home/mojo/projects/worktrees/RT-003-nam-lstm/docs/research/nam-rt-repair/probe-baseline/processor-probe-combos.csv

[totals across 26 measured cases]
  dry cases (of 18) nonzero : 0 (all zero)
  cold allocator calls      : 3840
  warm allocator calls      : 983040
  warm free calls           : 983040
  warm no-op frees (nullptr): 3328
  warm lock/cond operations : 0
  cases with warm alloc/free: 8
  NAM measured              : yes
  scene restored via dispatch: yes (29.5 ms, bound 262 ms)
  editor created            : no
